******************************************************************************
                  TI ARM Linker PC v18.1.4                     
******************************************************************************
>> Linked Wed Jan 15 16:08:56 2020

OUTPUT FILE NAME:   <MCU-HalDriver-V3.out>
ENTRY POINT SYMBOL: "_c_int00"  address: 00047780


MEMORY CONFIGURATION

         name            origin    length      used     unused   attr    fill
----------------------  --------  ---------  --------  --------  ----  --------
  VECTORS               00000000   00000020  00000020  00000000     X
  KERNEL                00000020   00008000  000059fc  00002604  R  X
  FLASH0                00008020   001f7fe0  000422c4  001b5d1c  R  X
  FLASH1                00200000   00200000  00000000  00200000  R  X
  STACKS                08000000   00004e00  00000000  00004e00  RW  
  KRAM                  08004e00   00000800  0000032c  000004d4  RW  
  RAM                   08005600   0007aa00  00040000  0003aa00  RW  
  SDRAM                 80000000   00800000  00008838  007f77c8  RW  


SEGMENT ALLOCATION MAP

run origin  load origin   length   init length attrs members
----------  ----------- ---------- ----------- ----- -------
00000000    00000000    00005a20   00005a20    r-x
  00000000    00000000    00000020   00000020    r-x .intvecs
  00000020    00000020    000058a4   000058a4    r-x .kernelTEXT
  000058c8    000058c8    00000158   00000158    r-- .cinit
00008020    00008020    000422c4   000422c4    r-x
  00008020    00008020    00040658   00040658    r-x .text
  00048678    00048678    00001c6c   00001c6c    r-- .const
08004e00    08004e00    0000032c   00000000    rw-
  08004e00    08004e00    0000032c   00000000    rw- .kernelBSS
08005600    08005600    00040000   00000000    rw-
  08005600    08005600    00040000   00000000    rw- .kernelHEAP
80000000    80000000    00008838   00000000    rw-
  80000000    80000000    00008614   00000000    rw- .bss
  80008614    80008614    00000224   00000000    rw- .data


SECTION ALLOCATION MAP

 output                                  attributes/
section   page    origin      length       input sections
--------  ----  ----------  ----------   ----------------
.intvecs   0    00000000    00000020     
                  00000000    00000020     HL_sys_intvecs.obj (.intvecs)

.kernelTEXT 
*          0    00000020    000058a4     
                  00000020    000030f0     os_tasks.obj (.kernelTEXT)
                  00003110    000014d4     os_queue.obj (.kernelTEXT)
                  000045e4    000006c4     os_event_groups.obj (.kernelTEXT)
                  00004ca8    000004b0     os_portasm.obj (.kernelTEXT)
                  00005158    000003dc     os_port.obj (.kernelTEXT)
                  00005534    00000390     os_heap.obj (.kernelTEXT)

.cinit     0    000058c8    00000158     
                  000058c8    0000010d     (.cinit..data.load) [load image, compression = lzss]
                  000059d5    0000000d     (.cinit..kernelBSS.load) [load image, compression = lzss]
                  000059e2    00000002     --HOLE-- [fill = 0]
                  000059e4    0000000c     (__TI_handler_table)
                  000059f0    00000008     (.cinit..bss.load) [load image, compression = zero_init]
                  000059f8    00000008     (.cinit..kernelHEAP.load) [load image, compression = zero_init]
                  00005a00    00000020     (__TI_cinit_table)

.text      0    00008020    00040658     
                  00008020    00004408     FreeRTOS_TCP_IP.obj (.text)
                  0000c428    000042cc     FreeRTOS_FTP_server.obj (.text)
                  000106f4    00003ea0     FreeRTOS_Sockets.obj (.text)
                  00014594    00003aec     ff_dir.obj (.text)
                  00018080    00003a60     ff_file.obj (.text)
                  0001bae0    000038f8     HL_can.obj (.text)
                  0001f3d8    000027a4     ff_ioman.obj (.text)
                  00021b7c    000023f8     FreeRTOS_TCP_WIN.obj (.text)
                  00023f74    00001cb0     ff_stdio.obj (.text)
                  00025c24    00001c5c     FreeRTOS_IP.obj (.text)
                  00027880    000019e0     ff_fat.obj (.text)
                  00029260    0000129c     MX25l6406E.obj (.text)
                  0002a4fc    00001294     CLI_commands.obj (.text)
                  0002b790    000011d4     rtsv7R4_A_be_v3D16_eabi.lib : _scanfi.c.obj (.text:__TI_scanfi)
                  0002c964    00000f9c                                 : _printfi.c.obj (.text:__TI_printfi)
                  0002d900    00000f90     tja1102.obj (.text)
                  0002e890    00000ef8     HL_sci.obj (.text)
                  0002f788    00000e24     FreeRTOS_DNS.obj (.text)
                  000305ac    00000e04     Spi_driver.obj (.text)
                  000313b0    00000ca0     HL_adc.obj (.text)
                  00032050    00000c80     Can_driver.obj (.text)
                  00032cd0    00000bf8     tms570ls20x31x_uart.obj (.text)
                  000338c8    00000b18     NetworkInterface.obj (.text)
                  000343e0    00000a44     FreeRTOS_ARP.obj (.text)
                  00034e24    00000a38     IIC_driver.obj (.text)
                  0003585c    00000a00     HL_pinmux.obj (.text)
                  0003625c    000009f0     Sci_driver.obj (.text)
                  00036c4c    000009a0     HL_system.obj (.text)
                  000375ec    00000964     FreeRTOS_HTTP_server.obj (.text)
                  00037f50    00000944     HL_sys_vim.obj (.text)
                  00038894    00000920     HL_sys_dma.obj (.text)
                  000391b4    000008c0     NTPDemo.obj (.text)
                  00039a74    00000878     HL_lin.obj (.text)
                  0003a2ec    00000828     tms570ls20x31x_uart.obj (.text:retain)
                  0003ab14    000007a8     HL_esm.obj (.text)
                  0003b2bc    00000730     os_mpu_wrappers.obj (.text)
                  0003b9ec    000006ec     FreeRTOS_TCP_server.obj (.text)
                  0003c0d8    000006c0     Lin_driver.obj (.text)
                  0003c798    00000660     rtsv7R4_A_be_v3D16_eabi.lib : e_powf.c.obj (.text:powf)
                  0003cdf8    000005e8     BufferAllocation_3.obj (.text)
                  0003d3e0    00000590     FreeRTOS_CLI.obj (.text)
                  0003d970    00000580     ff_sys.obj (.text)
                  0003def0    0000055c     FreeRTOS_Stream_Buffer.obj (.text)
                  0003e44c    0000054c     rtsv7R4_A_be_v3D16_eabi.lib : strtod.c.obj (.text:strtod)
                  0003e998    00000548     sja1105s.obj (.text)
                  0003eee0    000004bc     main.obj (.text)
                  0003f39c    000004b4     Sci_driver.obj (.text:retain)
                  0003f850    000004a0     FreeRTOS_DriverInterface.obj (.text)
                  0003fcf0    00000484     HL_gio.obj (.text)
                  00040174    00000474     HL_sys_core.obj (.text)
                  000405e8    00000460     ff_time.obj (.text)
                  00040a48    00000430     UARTCommandConsole.obj (.text)
                  00040e78    0000040c     IOUtils_CharQueueTxAndRx.obj (.text)
                  00041284    000003f8     HL_emac.obj (.text)
                  0004167c    000003f0     ff_locking.obj (.text)
                  00041a6c    000003e4     FreeRTOS_UDP_IP.obj (.text)
                  00041e50    000003e4     IOUtils_CircularBufferRx.obj (.text)
                  00042234    000003c4     ff_string.obj (.text)
                  000425f8    00000394     HL_sys_mpu.obj (.text)
                  0004298c    0000033c     HL_sys_vim.obj (.text:retain)
                  00042cc8    00000338     UDPCommandConsole.obj (.text)
                  00043000    000002dc     rtsv7R4_A_be_v3D16_eabi.lib : _printfi.c.obj (.text:_pconv_a)
                  000432dc    000002c8                                 : strtoll.c.obj (.text:strtoll)
                  000435a4    000002b8                                 : ull_div32.asm.obj (.text)
                  0004385c    00000278     os_heap.obj (.text)
                  00043ad4    00000250     Can_driver.obj (.text:retain)
                  00043d24    00000248     rtsv7R4_A_be_v3D16_eabi.lib : _printfi.c.obj (.text:_pconv_g)
                  00043f6c    00000248     NetworkInterface.obj (.text:retain)
                  000441b4    00000240     rtsv7R4_A_be_v3D16_eabi.lib : e_logf.c.obj (.text:logf)
                  000443f4    00000240                                 : strtoull.c.obj (.text:strtoull)
                  00044634    00000238     os_list.obj (.text)
                  0004486c    00000234     IOUtils_ZeroCopyTx.obj (.text)
                  00044aa0    0000022c     pcf2129.obj (.text)
                  00044ccc    00000204     HL_sci.obj (.text:retain)
                  00044ed0    000001f8     HL_emif.obj (.text)
                  000450c8    000001f4     rtsv7R4_A_be_v3D16_eabi.lib : strtol.c.obj (.text:strtol)
                  000452bc    000001b8                                 : strtoul.c.obj (.text:strtoul)
                  00045474    00000198     os_event_groups.obj (.text)
                  0004560c    00000188     ff_memory.obj (.text)
                  00045794    00000188     HL_esm.obj (.text:retain)
                  0004591c    00000188     tms570ls20x31x_dma.obj (.text:retain)
                  00045aa4    00000180     rtsv7R4_A_be_v3D16_eabi.lib : memcpy32.asm.obj (.text)
                  00045c24    0000017c     ff_crc.obj (.text)
                  00045da0    00000174     Led.obj (.text)
                  00045f14    0000015c     rtsv7R4_A_be_v3D16_eabi.lib : _printfi.c.obj (.text:_pconv_e)
                  00046070    00000150     watchdog_driver.obj (.text)
                  000461c0    0000014c     rti_runtimestats.obj (.text)
                  0004630c    00000144     rtsv7R4_A_be_v3D16_eabi.lib : _printfi.c.obj (.text:fcvt)
                  00046450    0000013c                                 : s_floor.c.obj (.text:floor)
                  0004658c    0000013c     os_port.obj (.text)
                  000466c8    0000013c     Lin_driver.obj (.text:retain)
                  00046804    00000128     HL_gio.obj (.text:retain)
                  0004692c    00000120     rtsv7R4_A_be_v3D16_eabi.lib : s_scalbn.c.obj (.text:scalbn)
                  00046a4c    00000118     FreeRTOS_HTTP_commands.obj (.text)
                  00046b64    00000115     rtsv7R4_A_be_v3D16_eabi.lib : _printfi.c.obj (.text:_ltostr)
                  00046c79    00000003     --HOLE-- [fill = 0]
                  00046c7c    00000110     os_tasks.obj (.text)
                  00046d8c    00000104     FreeRTOS_IOUtils.obj (.text)
                  00046e90    00000104     Gpio_driver.obj (.text:retain)
                  00046f94    00000104     rtsv7R4_A_be_v3D16_eabi.lib : s_scalbnf.c.obj (.text:scalbnf)
                  00047098    000000f8     HL_notification.obj (.text)
                  00047190    000000f0     hardware.obj (.text)
                  00047280    000000ec     Adc.obj (.text)
                  0004736c    000000e8     ma_date_and_time.obj (.text)
                  00047454    000000d0     rti_runtimestats.obj (.text:retain)
                  00047524    000000cc     rtsv7R4_A_be_v3D16_eabi.lib : sscanf.c.obj (.text:_chkmbc)
                  000475f0    000000c8                                 : _printfi.c.obj (.text:_mcpy)
                  000476b8    000000c8                                 : strerror.c.obj (.text:strerror)
                  00047780    000000c4     HL_sys_startup.obj (.text:retain)
                  00047844    000000b0     rtsv7R4_A_be_v3D16_eabi.lib : memset32.asm.obj (.text)
                  000478f4    00000098                                 : _printfi.c.obj (.text:_ecpy)
                  0004798c    00000098                                 : ll_div32.asm.obj (.text)
                  00047a24    00000090                                 : copy_decompress_lzss.c.obj (.text:decompress:lzss:__TI_decompress_lzss)
                  00047ab4    0000008c                                 : s_frexp.c.obj (.text:frexp)
                  00047b40    00000084                                 : atoi.c.obj (.text:atoi)
                  00047bc4    00000084                                 : atol.c.obj (.text:atol)
                  00047c48    00000080                                 : ltoa.c.obj (.text:ltoa)
                  00047cc8    0000007c                                 : snprintf.c.obj (.text:snprintf)
                  00047d44    00000074                                 : _printfi.c.obj (.text:_pconv_f)
                  00047db8    00000068                                 : autoinit.c.obj (.text:__TI_auto_init_nobinit_nopinit:__TI_auto_init_nobinit_nopinit)
                  00047e20    00000068     Adc.obj (.text:retain)
                  00047e88    00000068     time_common.obj (.text)
                  00047ef0    00000068     rtsv7R4_A_be_v3D16_eabi.lib : vsnprintf.c.obj (.text:vsnprintf)
                  00047f58    00000064                                 : _printfi.c.obj (.text:_fcpy)
                  00047fbc    00000064                                 : sprintf.c.obj (.text:sprintf)
                  00048020    00000060     tms570ls20x31x_driverInterface.obj (.text)
                  00048080    0000005c     rtsv7R4_A_be_v3D16_eabi.lib : snprintf.c.obj (.text:_outs)
                  000480dc    0000005c                                 : vsnprintf.c.obj (.text:_outs)
                  00048138    00000054                                 : i_div32.asm.obj (.text)
                  0004818c    00000054                                 : sscanf.c.obj (.text:sscanf)
                  000481e0    00000050     watchdog_driver.obj (.text:retain)
                  00048230    00000050     rtsv7R4_A_be_v3D16_eabi.lib : u_div32.asm.obj (.text)
                  00048280    0000004c                                 : rand.c.obj (.text:rand)
                  000482cc    00000048                                 : strncpy.c.obj (.text:strncpy)
                  00048314    00000038                                 : memmov.c.obj (.text:memmove)
                  0004834c    00000038                                 : rand.c.obj (.text:srand)
                  00048384    00000034                                 : memcmp.c.obj (.text:memcmp)
                  000483b8    00000034                                 : e_sqrtf.c.obj (.text:sqrtf)
                  000483ec    00000034                                 : strncmp.c.obj (.text:strncmp)
                  00048420    00000030                                 : sprintf.c.obj (.text:_outs)
                  00048450    0000002c                                 : snprintf.c.obj (.text:_outc)
                  0004847c    0000002c                                 : vsnprintf.c.obj (.text:_outc)
                  000484a8    0000002c                                 : memccpy.c.obj (.text:memccpy)
                  000484d4    0000002c                                 : strrchr.c.obj (.text:strrchr)
                  00048500    00000028                                 : strchr.c.obj (.text:strchr)
                  00048528    00000028                                 : strcmp.c.obj (.text:strcmp)
                  00048550    00000024                                 : wcslen.c.obj (.text:wcslen)
                  00048574    00000020                                 : strlen.c.obj (.text:strlen)
                  00048594    0000001c                                 : sscanf.c.obj (.text:_inpchar)
                  000485b0    0000001c                                 : s_copysign.c.obj (.text:copysign)
                  000485cc    00000018     Gpio_driver.obj (.text)
                  000485e4    00000018     rtsv7R4_A_be_v3D16_eabi.lib : strcpy.c.obj (.text:strcpy)
                  000485fc    00000014                                 : sprintf.c.obj (.text:_outc)
                  00048610    00000014                                 : s_copysignf.c.obj (.text:copysignf)
                  00048624    00000014                                 : copy_decompress_none.c.obj (.text:decompress:none:__TI_decompress_none)
                  00048638    00000010                                 : sscanf.c.obj (.text:_uninpchar)
                  00048648    00000010                                 : copy_zero_init.c.obj (.text:decompress:ZI:__TI_zero_init)
                  00048658    0000000c                                 : errno.c.obj (.text:__aeabi_errno_addr)
                  00048664    00000008                                 : exit.c.obj (.text:abort:abort)
                  0004866c    00000004                                 : _lock.c.obj (.text:_nop)
                  00048670    00000004     HL_sys_phantom.obj (.text:retain)
                  00048674    00000004     rtsv7R4_A_be_v3D16_eabi.lib : div0.asm.obj (.text)

.const     0    00048678    00001c6c     
                  00048678    00000400     ff_crc.obj (.const:crc32_table)
                  00048a78    00000334     main.obj (.const:.string)
                  00048dac    00000270     FreeRTOS_FTP_commands.obj (.const:xFTPCommands)
                  0004901c    00000200     HL_sys_vim.obj (.const:s_vim_init)
                  0004921c    00000104     sja1105s.obj (.const:configBurst0_0)
                  00049320    00000104     sja1105s.obj (.const:configBurst0_1)
                  00049424    00000104     sja1105s.obj (.const:configBurst0_2)
                  00049528    00000104     sja1105s.obj (.const:configBurst0_3)
                  0004962c    00000104     sja1105s.obj (.const:configBurst0_4)
                  00049730    00000101     rtsv7R4_A_be_v3D16_eabi.lib : ctype.c.obj (.const:.string:_ctypes_)
                  00049831    00000100     ff_crc.obj (.const:.string:crc16_table_high)
                  00049931    00000100     ff_crc.obj (.const:.string:crc16_table_low)
                  00049a31    00000100     ff_crc.obj (.const:.string:crc8_table)
                  00049b31    00000002     ff_sys.obj (.const:.string:rootDir)
                  00049b33    00000001     FreeRTOS_HTTP_server.obj (.const:.string:pcEmptyString)
                  00049b34    000000e0     FreeRTOS_HTTP_server.obj (.const:.string)
                  00049c14    000000a4     FreeRTOS_TCP_IP.obj (.const:.string)
                  00049cb8    00000098     NTPDemo.obj (.const:.string)
                  00049d50    00000090     UARTCommandConsole.obj (.const:.string)
                  00049de0    00000080     rtsv7R4_A_be_v3D16_eabi.lib : strtod.c.obj (.const:digits)
                  00049e60    00000078     FreeRTOS_HTTP_commands.obj (.const:xWebCommands)
                  00049ed8    00000048     FreeRTOS_HTTP_commands.obj (.const:.string)
                  00049f20    00000048     rtsv7R4_A_be_v3D16_eabi.lib : strtod.c.obj (.const:powerof10)
                  00049f68    00000038     FreeRTOS_CLI.obj (.const:.string)
                  00049fa0    00000032     FreeRTOS_FTP_server.obj (.const:.string:pcFeatAnswer$1)
                  00049fd2    00000026     FreeRTOS_ARP.obj (.const:.string:xDefaultPartARPPacketHeader)
                  00049ff8    00000025     FreeRTOS_FTP_server.obj (.const:.string:pcMonthList$2)
                  0004a01d    00000003     --HOLE-- [fill = 0]
                  0004a020    00000020     Can_driver.obj (.const:$P$T0$1)
                  0004a040    00000020     Can_driver.obj (.const:$P$T1$2)
                  0004a060    00000020     main.obj (.const:xServerConfiguration$1)
                  0004a080    0000001c     sja1105s.obj (.const:configBurst0_5)
                  0004a09c    00000018     HL_adc.obj (.const:s_adcFiFoSize)
                  0004a0b4    00000018     HL_adc.obj (.const:s_adcSelect)
                  0004a0cc    00000018     FreeRTOS_DriverInterface.obj (.const:xAvailablePeripherals)
                  0004a0e4    00000014     os_tasks.obj (.const:.string:ucExpectedStackBytes$1)
                  0004a0f8    00000010     FreeRTOS_DriverInterface.obj (.const:.string)
                  0004a108    00000010     main.obj (.const:xEmacStat)
                  0004a118    00000010     FreeRTOS_CLI.obj (.const:xHelpCommand)
                  0004a128    00000010     main.obj (.const:xNetStat)
                  0004a138    00000010     main.obj (.const:xPing)
                  0004a148    00000010     main.obj (.const:xReset)
                  0004a158    00000010     main.obj (.const:xRunTimeStats)
                  0004a168    00000010     main.obj (.const:xSetip)
                  0004a178    00000010     main.obj (.const:xSetmac)
                  0004a188    00000010     main.obj (.const:xTaskStats)
                  0004a198    0000000c     UARTCommandConsole.obj (.const)
                  0004a1a4    0000000c     FreeRTOS_DNS.obj (.const:xDefaultPartDNSHeader$3)
                  0004a1b0    0000000b     FreeRTOS_FTP_server.obj (.const:.string:$P$T2$3)
                  0004a1bb    0000000a     ff_dir.obj (.const:.string:forbiddenChrs)
                  0004a1c5    00000009     FreeRTOS_FTP_server.obj (.const:.string:$P$T3$4)
                  0004a1ce    00000002     --HOLE-- [fill = 0]
                  0004a1d0    00000008     FreeRTOS_Sockets.obj (.const:$P$T0$1)
                  0004a1d8    00000008     FreeRTOS_IP.obj (.const:$P$T0$5)
                  0004a1e0    00000008     FreeRTOS_FTP_server.obj (.const:.string:$P$T4$5)
                  0004a1e8    00000008     rtsv7R4_A_be_v3D16_eabi.lib : e_powf.c.obj (.const:bp)
                  0004a1f0    00000008                                 : e_powf.c.obj (.const:dp_h)
                  0004a1f8    00000008                                 : e_powf.c.obj (.const:dp_l)
                  0004a200    00000008     sja1105s.obj (.const:port0_rmii_idiv0)
                  0004a208    00000008     sja1105s.obj (.const:port0_rmii_refclk)
                  0004a210    00000008     sja1105s.obj (.const:port1_ext_tx_clk)
                  0004a218    00000008     sja1105s.obj (.const:port1_idiv1)
                  0004a220    00000008     sja1105s.obj (.const:port1_pll1)
                  0004a228    00000008     sja1105s.obj (.const:port1_pll)
                  0004a230    00000008     sja1105s.obj (.const:port1_ref_clk1)
                  0004a238    00000008     sja1105s.obj (.const:port2_ext_tx_clk)
                  0004a240    00000008     sja1105s.obj (.const:port2_idiv2)
                  0004a248    00000008     sja1105s.obj (.const:port2_ref_clk2)
                  0004a250    00000008     sja1105s.obj (.const:port3_ext_tx_clk)
                  0004a258    00000008     sja1105s.obj (.const:port3_idiv3)
                  0004a260    00000008     sja1105s.obj (.const:port3_ref_clk3)
                  0004a268    00000008     sja1105s.obj (.const:regset_en)
                  0004a270    00000008     FreeRTOS_IP.obj (.const:xNetworkDownEvent$2)
                  0004a278    00000008     FreeRTOS_IP.obj (.const:xNetworkDownEvent$3)
                  0004a280    00000007     rtsv7R4_A_be_v3D16_eabi.lib : _scanfi.c.obj (.const:.string:flit$1)
                  0004a287    00000006                                 : _scanfi.c.obj (.const:.string:barr$2)
                  0004a28d    00000001     --HOLE-- [fill = 0]
                  0004a28e    00000006     sja1105s.obj (.const:autoneg_adv)
                  0004a294    00000006     sja1105s.obj (.const:autoneg_control)
                  0004a29a    00000006     sja1105s.obj (.const:basic_control)
                  0004a2a0    00000006     sja1105s.obj (.const:digital_control1)
                  0004a2a6    00000006     sja1105s.obj (.const:digital_control2)
                  0004a2ac    00000006     sja1105s.obj (.const:digital_error_cnt)
                  0004a2b2    00000006     sja1105s.obj (.const:level_control)
                  0004a2b8    00000006     sja1105s.obj (.const:rx_eq_control)
                  0004a2be    00000006     sja1105s.obj (.const:tx_attn_control)
                  0004a2c4    00000006     sja1105s.obj (.const:tx_boost_control)
                  0004a2ca    00000006     sja1105s.obj (.const:tx_edge_control)
                  0004a2d0    00000006     FreeRTOS_IP.obj (.const:xBroadcastMACAddress)
                  0004a2d6    00000004     sja1105s.obj (.const:$P$T0$1)
                  0004a2da    00000004     sja1105s.obj (.const:$P$T1$2)
                  0004a2de    00000002     --HOLE-- [fill = 0]
                  0004a2e0    00000004     BufferAllocation_3.obj (.const)

.kernelBSS 
*          0    08004e00    0000032c     UNINITIALIZED
                  08004e00    000002ec     os_tasks.obj (.kernelBSS:uninit)
                  080050ec    00000038     os_tasks.obj (.kernelBSS:init)
                  08005124    00000008     os_port.obj (.kernelBSS)

.kernelHEAP 
*          0    08005600    00040000     UNINITIALIZED
                  08005600    00040000     os_heap.obj (.kernelHEAP)

.bss       0    80000000    00008614     UNINITIALIZED
                  80000000    00007710     BufferAllocation_3.obj (.bss:ucBuffers)
                  80007710    00000400     UDPCommandConsole.obj (.bss:cOutputString$2)
                  80007b10    000002d0     BufferAllocation_3.obj (.bss:xNetworkBuffers)
                  80007de0    00000200     (.common:NorBuf)
                  80007fe0    00000190     FreeRTOS_CLI.obj (.bss:cOutputBuffer)
                  80008170    00000064     UARTCommandConsole.obj (.bss:cLastInputString$1)
                  800081d4    00000064     ff_sys.obj (.bss:file_systems)
                  80008238    00000060     FreeRTOS_DNS.obj (.bss:xDNSCache)
                  80008298    00000050     HL_sci.obj (.bss:g_sciTransfer_t)
                  800082e8    00000048     FreeRTOS_ARP.obj (.bss:xARPCache)
                  80008330    00000040     (.common:Uart1RecvBuf)
                  80008370    00000040     (.common:Uart3RecvBuf)
                  800083b0    00000040     (.common:Uart4RecvBuf)
                  800083f0    0000003c     UDPCommandConsole.obj (.bss:cInputString$1)
                  8000842c    0000003c     UDPCommandConsole.obj (.bss:cLocalBuffer$3)
                  80008468    00000030     NTPDemo.obj (.bss:xNTPPacket)
                  80008498    0000002c     (.common:hdkif_data)
                  800084c4    00000020     (.common:AdcResult)
                  800084e4    00000014     FreeRTOS_IP.obj (.bss:xARPTimer)
                  800084f8    00000014     FreeRTOS_DNS.obj (.bss:xCallbackList)
                  8000850c    00000014     FreeRTOS_IP.obj (.bss:xDNSTimer)
                  80008520    00000014     BufferAllocation_3.obj (.bss:xFreeBuffersList)
                  80008534    00000014     FreeRTOS_TCP_WIN.obj (.bss:xSegmentList)
                  80008548    00000014     FreeRTOS_IP.obj (.bss:xTCPTimer)
                  8000855c    00000014     (.common:xBoundTCPSocketsList)
                  80008570    00000014     (.common:xBoundUDPSocketsList)
                  80008584    0000000c     FreeRTOS_TCP_IP.obj (.bss:retString$1)
                  80008590    00000008     NTPDemo.obj (.bss)
                  80008598    00000008     NetworkInterface.obj (.bss)
                  800085a0    00000008     os_heap.obj (.bss:xStart)
                  800085a8    00000004     BufferAllocation_3.obj (.bss)
                  800085ac    00000004     CLI_commands.obj (.bss)
                  800085b0    00000004     FreeRTOS_DNS.obj (.bss)
                  800085b4    00000004     FreeRTOS_IP.obj (.bss)
                  800085b8    00000004     (.common:Adc1StartTask_Handler)
                  800085bc    00000004     (.common:Can1RecvTask_Handler)
                  800085c0    00000004     (.common:Can1_recv_QueHandle)
                  800085c4    00000004     (.common:Can2RecvTask_Handler)
                  800085c8    00000004     (.common:Can2_recv_QueHandle)
                  800085cc    00000004     (.common:Can3RecvTask_Handler)
                  800085d0    00000004     (.common:Can3SendTask_Handler)
                  800085d4    00000004     (.common:Can3_recv_QueHandle)
                  800085d8    00000004     (.common:Can4RecvTask_Handler)
                  800085dc    00000004     (.common:Can4_recv_QueHandle)
                  800085e0    00000004     (.common:Lin2RecvTask_Handler)
                  800085e4    00000004     (.common:Lin2_recv_QueHandle)
                  800085e8    00000004     (.common:Uart1RecvTask_Handler)
                  800085ec    00000004     (.common:Uart1_recv_QueHandle)
                  800085f0    00000004     (.common:Uart3RecvTask_Handler)
                  800085f4    00000004     (.common:Uart3_recv_QueHandle)
                  800085f8    00000004     (.common:Uart4RecvTask_Handler)
                  800085fc    00000004     (.common:Uart4_recv_QueHandle)
                  80008600    00000004     (.common:Ultra_QueHandle)
                  80008604    00000004     (.common:xServerWorkTaskHandle)
                  80008608    00000004     (.common:xSysTimeMsec)
                  8000860c    00000004     (.common:xTask1Handle)
                  80008610    00000001     (.common:Uart1RecvCount)
                  80008611    00000001     (.common:Uart3RecvCount)
                  80008612    00000001     (.common:Uart4RecvCount)
                  80008613    00000001     (.common:ucAssumeFATType)

.data      0    80008614    00000224     UNINITIALIZED
                  80008614    00000068     FreeRTOS_HTTP_server.obj (.data:pxTypeCouples)
                  8000867c    00000034     FreeRTOS_TCP_IP.obj (.data:pcStateNames)
                  800086b0    00000024     FreeRTOS_IP.obj (.data)
                  800086d4    0000001d     NetworkInterface.obj (.data)
                  800086f1    00000002     tms570ls20x31x_uart.obj (.data:xUartTX_DMA_Channels)
                  800086f3    00000001     Lin_driver.obj (.data)
                  800086f4    00000018     NTPDemo.obj (.data:pcTimeServers)
                  8000870c    00000018     FreeRTOS_UDP_IP.obj (.data:xDefaultPartUDPPacketHeader)
                  80008724    00000014     Spi_driver.obj (.data:SPIDAT)
                  80008738    00000014     main.obj (.data)
                  8000874c    00000014     FreeRTOS_IP.obj (.data:xDefaultAddressing)
                  80008760    00000014     FreeRTOS_IP.obj (.data:xNetworkAddressing)
                  80008774    00000010     NTPDemo.obj (.data)
                  80008784    00000010     os_heap.obj (.data)
                  80008794    0000000c     FreeRTOS_CLI.obj (.data)
                  800087a0    0000000c     FreeRTOS_DNS.obj (.data)
                  800087ac    0000000c     FreeRTOS_TCP_WIN.obj (.data)
                  800087b8    0000000c     UDPCommandConsole.obj (.data)
                  800087c4    00000008     rtsv7R4_A_be_v3D16_eabi.lib : _lock.c.obj (.data:$O1$$)
                  800087cc    00000008     BufferAllocation_3.obj (.data)
                  800087d4    00000008     CLI_commands.obj (.data)
                  800087dc    00000008     UARTCommandConsole.obj (.data)
                  800087e4    00000008     tms570ls20x31x_uart.obj (.data:pxUartRxTransferControlStructs)
                  800087ec    00000008     tms570ls20x31x_uart.obj (.data:pxUartTxTransferControlStructs)
                  800087f4    00000008     rti_runtimestats.obj (.data)
                  800087fc    00000008     FreeRTOS_CLI.obj (.data:xRegisteredCommands)
                  80008804    00000006     main.obj (.data:emacAddress)
                  8000880a    00000002     --HOLE--
                  8000880c    00000004     FreeRTOS_ARP.obj (.data)
                  80008810    00000004     FreeRTOS_Sockets.obj (.data)
                  80008814    00000004     FreeRTOS_TCP_IP.obj (.data)
                  80008818    00000004     ma_date_and_time.obj (.data)
                  8000881c    00000004     rtsv7R4_A_be_v3D16_eabi.lib : errno.c.obj (.data)
                  80008820    00000004                                 : rand.c.obj (.data)
                  80008824    00000004     main.obj (.data:ucDNSServerAddress)
                  80008828    00000004     main.obj (.data:ucGatewayAddress)
                  8000882c    00000004     main.obj (.data:ucIPAddress)
                  80008830    00000004     main.obj (.data:ucNetMask)
                  80008834    00000004     FreeRTOS_Sockets.obj (.data:usNextPortToUse)

MODULE SUMMARY

       Module                               code     ro data   rw data
       ------                               ----     -------   -------
    .\FreeRTOS-Plus-CLI\
       CLI_commands.obj                     4756     0         12     
       FreeRTOS_CLI.obj                     1424     72        420    
    +--+------------------------------------+--------+---------+---------+
       Total:                               6180     72        432    
                                                                      
    .\FreeRTOS-Plus-FAT\
       ff_dir.obj                           15084    10        0      
       ff_file.obj                          14944    0         0      
       ff_ioman.obj                         10148    0         1      
       ff_stdio.obj                         7344     0         0      
       ff_fat.obj                           6624     0         0      
       ff_crc.obj                           380      1792      0      
       ff_sys.obj                           1408     2         100    
       ff_time.obj                          1120     0         0      
       ff_locking.obj                       1008     0         0      
       ff_string.obj                        964      0         0      
       ff_memory.obj                        392      0         0      
    +--+------------------------------------+--------+---------+---------+
       Total:                               59416    1804      101    
                                                                      
    .\FreeRTOS-Plus-IO\Common\
       FreeRTOS_DriverInterface.obj         1184     40        0      
       IOUtils_CharQueueTxAndRx.obj         1036     0         0      
       IOUtils_CircularBufferRx.obj         996      0         0      
       IOUtils_ZeroCopyTx.obj               564      0         0      
       FreeRTOS_IOUtils.obj                 260      0         0      
    +--+------------------------------------+--------+---------+---------+
       Total:                               4040     40        0      
                                                                      
    .\FreeRTOS-Plus-IO\Device\tms570ls20x31x\source\
       tms570ls20x31x_uart.obj              5152     0         18     
       tms570ls20x31x_dma.obj               392      0         0      
       tms570ls20x31x_driverInterface.obj   96       0         0      
    +--+------------------------------------+--------+---------+---------+
       Total:                               5640     0         18     
                                                                      
    .\FreeRTOS-Plus-TCP\
       FreeRTOS_TCP_IP.obj                  17416    164       68     
       FreeRTOS_Sockets.obj                 16032    8         48     
       FreeRTOS_TCP_WIN.obj                 9208     0         32     
       FreeRTOS_IP.obj                      7260     30        140    
       FreeRTOS_DNS.obj                     3620     12        132    
       FreeRTOS_ARP.obj                     2628     38        76     
       FreeRTOS_Stream_Buffer.obj           1372     0         0      
       FreeRTOS_UDP_IP.obj                  996      0         24     
    +--+------------------------------------+--------+---------+---------+
       Total:                               58532    252       520    
                                                                      
    .\FreeRTOS-Plus-TCP\portable\BufferManagement\
       BufferAllocation_3.obj               1512     4         31232  
    +--+------------------------------------+--------+---------+---------+
       Total:                               1512     4         31232  
                                                                      
    .\FreeRTOS-Plus-TCP\portable\NetworkInterface\Hercules\
       NetworkInterface.obj                 3424     0         37     
    +--+------------------------------------+--------+---------+---------+
       Total:                               3424     0         37     
                                                                      
    .\FreeRTOS-Plus-TCP\protocols\Common\
       FreeRTOS_TCP_server.obj              1772     0         0      
    +--+------------------------------------+--------+---------+---------+
       Total:                               1772     0         0      
                                                                      
    .\FreeRTOS-Plus-TCP\protocols\FTP\
       FreeRTOS_FTP_server.obj              17100    115       0      
       FreeRTOS_FTP_commands.obj            0        624       0      
    +--+------------------------------------+--------+---------+---------+
       Total:                               17100    739       0      
                                                                      
    .\FreeRTOS-Plus-TCP\protocols\HTTP\
       FreeRTOS_HTTP_server.obj             2404     225       104    
       FreeRTOS_HTTP_commands.obj           280      192       0      
    +--+------------------------------------+--------+---------+---------+
       Total:                               2684     417       104    
                                                                      
    .\FreeRTOS-Plus-TCP\protocols\NTP\
       NTPDemo.obj                          2240     152       96     
    +--+------------------------------------+--------+---------+---------+
       Total:                               2240     152       96     
                                                                      
    .\FreeRTOS-Plus-UART-Console\
       UARTCommandConsole.obj               1072     156       108    
    +--+------------------------------------+--------+---------+---------+
       Total:                               1072     156       108    
                                                                      
    .\FreeRTOS-Plus-UDP-Console\
       UDPCommandConsole.obj                824      0         1156   
    +--+------------------------------------+--------+---------+---------+
       Total:                               824      0         1156   
                                                                      
    .\User_App\
       main.obj                             1212     980       50     
    +--+------------------------------------+--------+---------+---------+
       Total:                               1212     980       50     
                                                                      
    .\User_driver\
       MX25l6406E.obj                       4764     0         512    
       tja1102.obj                          3984     0         0      
       Sci_driver.obj                       3748     0         219    
       Can_driver.obj                       3792     64        40     
       Spi_driver.obj                       3588     0         20     
       sja1105s.obj                         1352     1514      0      
       IIC_driver.obj                       2616     0         0      
       Lin_driver.obj                       2044     0         9      
       pcf2129.obj                          556      0         0      
       watchdog_driver.obj                  416      0         0      
       Adc.obj                              340      0         36     
       Led.obj                              372      0         0      
       Gpio_driver.obj                      284      0         0      
       hardware.obj                         240      0         0      
       time_common.obj                      104      0         0      
    +--+------------------------------------+--------+---------+---------+
       Total:                               28200    1578      836    
                                                                      
    .\source\
       os_heap.obj                          1544     0         262168 
       HL_can.obj                           14584    0         0      
       os_tasks.obj                         12800    20        804    
       os_queue.obj                         5332     0         0      
       HL_sci.obj                           4348     0         80     
       HL_sys_vim.obj                       3200     512       0      
       HL_adc.obj                           3232     48        0      
       HL_pinmux.obj                        2560     0         0      
       HL_system.obj                        2464     0         0      
       HL_esm.obj                           2352     0         0      
       HL_sys_dma.obj                       2336     0         0      
       HL_lin.obj                           2168     0         0      
       os_event_groups.obj                  2140     0         0      
       os_mpu_wrappers.obj                  1840     0         0      
       HL_gio.obj                           1452     0         0      
       os_port.obj                          1304     0         8      
       os_portasm.obj                       1200     0         0      
       HL_sys_core.obj                      1140     0         0      
       HL_emac.obj                          1016     0         44     
       HL_sys_mpu.obj                       916      0         0      
       os_list.obj                          568      0         0      
       rti_runtimestats.obj                 540      0         12     
       HL_emif.obj                          504      0         0      
       HL_notification.obj                  248      0         0      
       ma_date_and_time.obj                 232      0         4      
       HL_sys_startup.obj                   196      0         0      
       HL_sys_intvecs.obj                   32       0         0      
       HL_sys_phantom.obj                   4        0         0      
    +--+------------------------------------+--------+---------+---------+
       Total:                               70252    580       263120 
                                                                      
    E:\CCS8\ccsv8\tools\compiler\ti-cgt-arm_18.1.4.LTS\lib\rtsv7R4_A_be_v3D16_eabi.lib
       _printfi.c.obj                       6829     0         0      
       _scanfi.c.obj                        4564     13        0      
       e_powf.c.obj                         1632     24        0      
       strtod.c.obj                         1356     200       0      
       strtoll.c.obj                        712      0         0      
       ull_div32.asm.obj                    696      0         0      
       e_logf.c.obj                         576      0         0      
       strtoull.c.obj                       576      0         0      
       strtol.c.obj                         500      0         0      
       strtoul.c.obj                        440      0         0      
       memcpy32.asm.obj                     384      0         0      
       sscanf.c.obj                         332      0         0      
       s_floor.c.obj                        316      0         0      
       s_scalbn.c.obj                       288      0         0      
       s_scalbnf.c.obj                      260      0         0      
       snprintf.c.obj                       260      0         0      
       ctype.c.obj                          0        257       0      
       vsnprintf.c.obj                      240      0         0      
       strerror.c.obj                       200      0         0      
       memset32.asm.obj                     176      0         0      
       sprintf.c.obj                        168      0         0      
       ll_div32.asm.obj                     152      0         0      
       copy_decompress_lzss.c.obj           144      0         0      
       s_frexp.c.obj                        140      0         0      
       rand.c.obj                           132      0         4      
       atoi.c.obj                           132      0         0      
       atol.c.obj                           132      0         0      
       ltoa.c.obj                           128      0         0      
       autoinit.c.obj                       104      0         0      
       i_div32.asm.obj                      84       0         0      
       u_div32.asm.obj                      80       0         0      
       strncpy.c.obj                        72       0         0      
       memmov.c.obj                         56       0         0      
       e_sqrtf.c.obj                        52       0         0      
       memcmp.c.obj                         52       0         0      
       strncmp.c.obj                        52       0         0      
       memccpy.c.obj                        44       0         0      
       strrchr.c.obj                        44       0         0      
       strchr.c.obj                         40       0         0      
       strcmp.c.obj                         40       0         0      
       wcslen.c.obj                         36       0         0      
       strlen.c.obj                         32       0         0      
       s_copysign.c.obj                     28       0         0      
       strcpy.c.obj                         24       0         0      
       copy_decompress_none.c.obj           20       0         0      
       s_copysignf.c.obj                    20       0         0      
       copy_zero_init.c.obj                 16       0         0      
       errno.c.obj                          12       0         4      
       _lock.c.obj                          4        0         8      
       exit.c.obj                           8        0         0      
       div0.asm.obj                         4        0         0      
    +--+------------------------------------+--------+---------+---------+
       Total:                               22389    494       16     
                                                                      
       Linker Generated:                    0        342       0      
    +--+------------------------------------+--------+---------+---------+
       Grand Total:                         286489   7610      297826 


LINKER GENERATED COPY TABLES

__TI_cinit_table @ 00005a00 records: 4, size/record: 8, table size: 32
	.data: load addr=000058c8, load size=0000010d bytes, run addr=80008614, run size=00000224 bytes, compression=lzss
	.kernelBSS: load addr=000059d5, load size=0000000d bytes, run addr=08004e00, run size=0000032c bytes, compression=lzss
	.bss: load addr=000059f0, load size=00000008 bytes, run addr=80000000, run size=00008614 bytes, compression=zero_init
	.kernelHEAP: load addr=000059f8, load size=00000008 bytes, run addr=08005600, run size=00040000 bytes, compression=zero_init


LINKER GENERATED HANDLER TABLE

__TI_handler_table @ 000059e4 records: 3, size/record: 4, table size: 12
	index: 0, handler: __TI_decompress_lzss
	index: 1, handler: __TI_decompress_none
	index: 2, handler: __TI_zero_init


GLOBAL SYMBOLS: SORTED ALPHABETICALLY BY Name 

address   name                                             
-------   ----                                             
800085b8  Adc1StartTask_Handler                            
0004730c  Adc1_DataProcessTask                             
00047e20  Adc1_HwiISR                                      
000472d8  Adc1_StartTask                                   
800084c4  AdcResult                                        
00048664  C$$EXIT                                          
0002b54c  COPY_STR2MAC                                     
800085bc  Can1RecvTask_Handler                             
00032364  Can1_RecvTask                                    
00043ad4  Can1_lowHwiISR                                   
800085c0  Can1_recv_QueHandle                              
800085c4  Can2RecvTask_Handler                             
00032570  Can2_RecvTask                                    
00043b60  Can2_lowHwiISR                                   
800085c8  Can2_recv_QueHandle                              
800085cc  Can3RecvTask_Handler                             
800085d0  Can3SendTask_Handler                             
00032660  Can3_RecvTask                                    
000322f0  Can3_SendTask                                    
00043bec  Can3_lowHwiISR                                   
800085d4  Can3_recv_QueHandle                              
800085d8  Can4RecvTask_Handler                             
00032748  Can4_RecvTask                                    
00043c78  Can4_lowHwiISR                                   
800085dc  Can4_recv_QueHandle                              
00032830  CanReadData                                      
00032a2c  CanSendData                                      
00047204  DelayNs                                          
000471bc  DelayUs                                          
0004724c  Delayns                                          
000413d4  EMACCoreIntAck                                   
000414a8  EMACDisableLoopback                              
00041584  EMACDuplexSet                                    
000413f4  EMACInstConfig                                   
00041428  EMACLinkSetup                                    
0004134c  EMACMACAddrSet                                   
000415e8  EMACMACSrcAddrGet                                
000412e8  EMACMACSrcAddrSet                                
00041284  EMACMIIEnable                                    
000412a8  EMACRMIISpeedSet                                 
000415c4  EMACReadNetStatRegisters                         
00041540  EMACRxBroadCastEnable                            
00041510  EMACRxUnicastSet                                 
000418a0  FF_Assert_Lock                                   
0001fea0  FF_BlockRead                                     
0001ffbc  FF_BlockWrite                                    
00041a50  FF_BufferProceed                                 
000419e0  FF_BufferWait                                    
000191a8  FF_BytesLeft                                     
0001af60  FF_CheckValid                                    
0001569c  FF_CleanupEntryFetch                             
00027ff4  FF_ClearCluster                                  
0001b580  FF_Close                                         
000278dc  FF_Cluster2LBA                                   
00028e40  FF_CountFreeClusters                             
00028ad8  FF_CreateClusterChain                            
0001775c  FF_CreateDirent                                  
00041740  FF_CreateEvents                                  
00017aa0  FF_CreateFile                                    
0001f3d8  FF_CreateIOManger                                
000169bc  FF_CreateShortName                               
00021910  FF_DecreaseFreeClusters                          
0001f698  FF_DeleteIOManager                               
000174d4  FF_ExtendDirectory                               
0003d9ec  FF_FS_Add                                        
0003d9a4  FF_FS_Count                                      
0003dc9c  FF_FS_Find                                       
0003de40  FF_FS_Get                                        
0003d9b0  FF_FS_Init                                       
0003dbb0  FF_FS_Remove                                     
00015850  FF_FetchEntryWithContext                         
00019230  FF_FileSize                                      
00014f40  FF_FindDir                                       
000282a0  FF_FindEndOfChain                                
00014928  FF_FindEntryInDir                                
0001610c  FF_FindFirst                                     
000286e0  FF_FindFreeCluster                               
00016208  FF_FindNext                                      
00016da0  FF_FindShortName                                 
0001f7b8  FF_FlushCache                                    
0001f9c8  FF_GetBuffer                                     
0001a338  FF_GetC                                          
00045c90  FF_GetCRC16                                      
00045c24  FF_GetCRC32                                      
00045d20  FF_GetCRC8                                       
00028b48  FF_GetChainLength                                
00015c5c  FF_GetEntry                                      
0002918c  FF_GetFreeSize                                   
0001a438  FF_GetLine                                       
000180dc  FF_GetModeBits                                   
00021aa0  FF_GetPartitionBlockSize                         
00040698  FF_GetSystemTime                                 
00021ad8  FF_GetVolumeSize                                 
0004182c  FF_Has_Lock                                      
0001f708  FF_IOMAN_InitBufferDescriptors                   
0002176c  FF_IncreaseFreeClusters                          
000155bc  FF_InitEntryFetch                                
00041790  FF_LockDirectory                                 
00041900  FF_LockFAT                                       
00017c00  FF_MkDir                                         
00021048  FF_Mount                                         
00018cc0  FF_Move                                          
00018254  FF_Open                                          
00020864  FF_PartitionSearch                               
000416c8  FF_PendSemaphore                                 
00015dbc  FF_PopulateLongDirent                            
00015490  FF_PopulateShortDirent                           
00015a5c  FF_PushEntryWithContext                          
0001acbc  FF_PutC                                          
00016764  FF_PutEntry                                      
00019d8c  FF_Read                                          
000202ec  FF_ReadParts                                     
0001fdac  FF_ReleaseBuffer                                 
00027ba0  FF_ReleaseFATBuffers                             
000416f4  FF_ReleaseSemaphore                              
0001884c  FF_RmDir                                         
00018a9c  FF_RmFile                                        
00017f84  FF_RmLFNs                                        
0001ae08  FF_Seek                                          
0001b7e8  FF_SetEof                                        
0001b010  FF_SetFileTime                                   
0001b3c0  FF_SetPerm                                       
0001b184  FF_SetTime                                       
0004171c  FF_Sleep                                         
00028144  FF_TraverseFAT                                   
0004167c  FF_TrySemaphore                                  
00028c24  FF_UnlinkClusterChain                            
000417e0  FF_UnlockDirectory                               
00041988  FF_UnlockFAT                                     
0002166c  FF_Unmount                                       
0001a6b8  FF_Write                                         
0004560c  FF_getChar                                       
00027950  FF_getClusterChainNumber                         
000279a0  FF_getClusterPosition                            
00027d6c  FF_getFATEntry                                   
0004566c  FF_getLong                                       
000279f8  FF_getMajorBlockNumber                           
00027b04  FF_getMinorBlockEntry                            
00027a6c  FF_getMinorBlockNumber                           
0004562c  FF_getShort                                      
00018798  FF_isDirEmpty                                    
0001915c  FF_isEOF                                         
0002830c  FF_isEndOfChain                                  
000456c4  FF_putChar                                       
000283b0  FF_putFATEntry                                   
00045734  FF_putLong                                       
000456ec  FF_putShort                                      
00042364  FF_strmatch                                      
00042420  FF_strtok                                        
000422cc  FF_tolower                                       
00042234  FF_toupper                                       
00047280  FreeRTOS_AdcInit                                 
0003d63c  FreeRTOS_CLIGetOutputBuffer                      
0003d644  FreeRTOS_CLIGetParameter                         
0003d47c  FreeRTOS_CLIProcessCommand                       
0003d3e0  FreeRTOS_CLIRegisterCommand                      
00032050  FreeRTOS_CanInit                                 
00034c1c  FreeRTOS_ClearARP                                
00010dcc  FreeRTOS_CreateSocketSet                         
0003b9ec  FreeRTOS_CreateTCPServer                         
00010e2c  FreeRTOS_DeleteSocketSet                         
00010f10  FreeRTOS_FD_CLR                                  
00010fc0  FreeRTOS_FD_ISSET                                
00010e54  FreeRTOS_FD_SET                                  
000265cc  FreeRTOS_GetAddressConfiguration                 
00027764  FreeRTOS_GetDNSServerAddress                     
00027758  FreeRTOS_GetGatewayAddress                       
00027700  FreeRTOS_GetIPAddress                            
000126cc  FreeRTOS_GetLocalAddress                         
0002777c  FreeRTOS_GetMACAddress                           
00027770  FreeRTOS_GetNetmask                              
00013b58  FreeRTOS_GetRemoteAddress                        
0000c248  FreeRTOS_GetTCPStateName                         
00026180  FreeRTOS_GetUDPPayloadBuffer                     
00034f98  FreeRTOS_I2CInit                                 
000262e8  FreeRTOS_IPInit                                  
0002786c  FreeRTOS_IsNetworkUp                             
0003c0d8  FreeRTOS_LinInit                                 
0003e998  FreeRTOS_NetSwitchInit                           
000260f0  FreeRTOS_NetworkDown                             
00026130  FreeRTOS_NetworkDownFromISR                      
00029260  FreeRTOS_NorInit                                 
00034b58  FreeRTOS_OutputARPRequest                        
0002e4c8  FreeRTOS_Phyinit                                 
00034c34  FreeRTOS_PrintARPCache                           
000262d0  FreeRTOS_ReleaseUDPPayloadBuffer                 
000266e4  FreeRTOS_SendPingRequest                         
00026658  FreeRTOS_SetAddressConfiguration                 
000277ec  FreeRTOS_SetGatewayAddress                       
0002773c  FreeRTOS_SetIPAddress                            
000277d0  FreeRTOS_SetNetmask                              
0003be78  FreeRTOS_TCPServerWork                           
000333c4  FreeRTOS_UART_ioctl                              
00032cd0  FreeRTOS_UART_open                               
000331f8  FreeRTOS_UART_read                               
00032d74  FreeRTOS_UART_write                              
0003625c  FreeRTOS_UartInit                                
00046070  FreeRTOS_WatchdogInit                            
00012a4c  FreeRTOS_accept                                  
000115d4  FreeRTOS_bind                                    
000118a8  FreeRTOS_closesocket                             
0001294c  FreeRTOS_connect                                 
00013e8c  FreeRTOS_connstatus                              
0002f7e0  FreeRTOS_dnslookup                               
00013758  FreeRTOS_get_rx_buf                              
000473d0  FreeRTOS_get_secs_msec                           
00012fd8  FreeRTOS_get_tx_head                             
0002f808  FreeRTOS_gethostbyname                           
0002fb30  FreeRTOS_gethostbyname_a                         
0002f94c  FreeRTOS_gethostbyname_cancel                    
0004078c  FreeRTOS_gmtime_r                                
00012530  FreeRTOS_inet_addr                               
0003f9dc  FreeRTOS_ioctl                                   
00013d90  FreeRTOS_issocketconnected                       
0001330c  FreeRTOS_listen                                  
00013be0  FreeRTOS_maywrite                                
0004090c  FreeRTOS_mktime                                  
00013e48  FreeRTOS_mss                                     
00013f30  FreeRTOS_netstat                                 
0003f850  FreeRTOS_open                                    
00012c8c  FreeRTOS_recv                                    
000111ac  FreeRTOS_recvfrom                                
00013ed0  FreeRTOS_rx_size                                 
0001105c  FreeRTOS_select                                  
0001307c  FreeRTOS_send                                    
000113d0  FreeRTOS_sendto                                  
0004740c  FreeRTOS_set_secs_msec                           
00011d0c  FreeRTOS_setsockopt                              
000473a4  FreeRTOS_settime                                 
00013440  FreeRTOS_shutdown                                
00010c30  FreeRTOS_socket                                  
0004736c  FreeRTOS_time                                    
00013d30  FreeRTOS_tx_size                                 
00013ccc  FreeRTOS_tx_space                                
0003ec6c  GetDeviceID                                      
0003ecd0  GetPartNR                                        
0003ed58  GetSetStatus                                     
00047190  HardwareInit                                     
00035018  I2CBusy                                          
00034e24  I2CGpio                                          
00034e88  I2CInit                                          
00034fe8  I2CRrdy                                          
00034fb8  I2CXrdy                                          
000351f8  I2cRead                                          
000355f8  I2cReadData                                      
00035048  I2cWrite                                         
00035444  I2cWriteData                                     
000485cc  Input0_ISR                                       
000485d0  Input1_ISR                                       
000485d4  Input2_ISR                                       
000485d8  Input3_ISR                                       
000485dc  Input5_ISR                                       
00045da0  LedInit                                          
00045e44  LedLeftBottom_off                                
00045e34  LedLeftBottom_on                                 
00045e24  LedLeftTop_off                                   
00045e14  LedLeftTop_on                                    
00045e64  LedP1Status_off                                  
00045e54  LedP1Status_on                                   
00045e84  LedP2Status_off                                  
00045e74  LedP2Status_on                                   
00045ea4  LedP3Status_off                                  
00045e94  LedP3Status_on                                   
00045e04  LedRightBottom_off                               
00045df4  LedRightBottom_on                                
00045de4  LedRightTop_off                                  
00045dd4  LedRightTop_on                                   
0003c610  Lin2Init                                         
800085e0  Lin2RecvTask_Handler                             
0003c178  Lin2_RecvTask                                    
000466c8  Lin2_lowHwiISR                                   
800085e4  Lin2_recv_QueHandle                              
0003c374  LinDatChecksum                                   
0003c2b8  LinIdCalcParity                                  
0003c400  LinReadData                                      
0003c4a0  LinSendData                                      
0003c5ac  LinSendHeader                                    
0003b93c  MPU_pvPortMalloc                                 
0003b6dc  MPU_uxQueueMessagesWaiting                       
0003b52c  MPU_uxTaskGetNumberOfTasks                       
0003b5b0  MPU_uxTaskGetStackHighWaterMark                  
0003b3f0  MPU_uxTaskPriorityGet                            
0003b970  MPU_vPortFree                                    
0003b99c  MPU_vPortInitialiseBlocks                        
0003b854  MPU_vQueueDelete                                 
0003b330  MPU_vTaskAllocateMPURegions                      
0003b3c4  MPU_vTaskDelay                                   
0003b390  MPU_vTaskDelayUntil                              
0003b364  MPU_vTaskDelete                                  
0003b584  MPU_vTaskGetRunTimeStats                         
0003b558  MPU_vTaskList                                    
0003b424  MPU_vTaskPrioritySet                             
0003b484  MPU_vTaskResume                                  
0003b458  MPU_vTaskSuspend                                 
0003b4b0  MPU_vTaskSuspendAll                              
0003b9c0  MPU_xPortGetFreeHeapSize                         
0003b798  MPU_xQueueCreateCountingSemaphore                
0003b764  MPU_xQueueCreateMutex                            
0003b63c  MPU_xQueueGenericCreate                          
0003b710  MPU_xQueueGenericReceive                         
0003b880  MPU_xQueueGenericReset                           
0003b688  MPU_xQueueGenericSend                            
0003b908  MPU_xQueueGetMutexHolder                         
0003b820  MPU_xQueueGiveMutexRecursive                     
0003b8c4  MPU_xQueuePeekFromISR                            
0003b7dc  MPU_xQueueTakeMutexRecursive                     
0003b2bc  MPU_xTaskGenericCreate                           
0003b5e4  MPU_xTaskGetCurrentTaskHandle                    
0003b610  MPU_xTaskGetSchedulerState                       
0003b500  MPU_xTaskGetTickCount                            
0003b4d4  MPU_xTaskResumeAll                               
00029834  NorBlockErase_32K                                
00029988  NorBlockErase_64K                                
80007de0  NorBuf                                           
00029adc  NorChipErase                                     
00029580  NorFastRead                                      
00029d30  NorPageRead                                      
00029cc0  NorPageWrite                                     
0002a05c  NorPageWrite1                                    
00029500  NorReadByte                                      
0002941c  NorReadID                                        
00029488  NorReadMID                                       
00029350  NorReadStatus                                    
000296e0  NorSectorErase                                   
0002a3a8  NorTest                                          
00029da0  NorWriteAuto                                     
000293dc  NorWriteAutoDisable                              
000293fc  NorWriteAutoEnable                               
00029be8  NorWriteByte                                     
00029330  NorWriteDisable                                  
00029310  NorWriteEnable                                   
000293a0  NorWriteStatus                                   
00030fc0  OnlyRead                                         
0002e53c  PHY3_IntISR                                      
0002e610  PHY_IntISR                                       
00045ec4  Phy1En_off                                       
00045eb4  Phy1En_on                                        
00045ee4  Phy2En_off                                       
00045ed4  Phy2En_on                                        
0002e12c  PhyRead                                          
0002d970  PhyRead_io                                       
0002e108  PhyWrite                                         
0002dd00  PhyWrite_io                                      
0002e1b4  Phy_init                                         
0002e150  ReadPhyID                                        
00044c58  RtcGetValue                                      
00044ae0  RtcInit                                          
00044ac4  RtcRead                                          
00044bc4  RtcSetValue                                      
00044aa0  RtcWrite                                         
UNDEFED   SHT$$INIT_ARRAY$$Base                            
UNDEFED   SHT$$INIT_ARRAY$$Limit                           
80008724  SPIDAT                                           
0002a1a0  SetIpMac                                         
000305ac  Spi1Init                                         
000306cc  Spi2Init                                         
000310c0  SpiRead                                          
00030adc  SpiRecv                                          
00030bf8  SpiRecvFrom                                      
000307e4  SpiSend                                          
00030910  SpiSendForm                                      
00030dac  SpiWrite                                         
00030eac  SpiWriteData                                     
000311d4  SpiWriteRead                                     
000485e0  StopSwitch_ISR                                   
0003e9a8  Switch_init                                      
80008330  Uart1RecvBuf                                     
80008610  Uart1RecvCount                                   
800085e8  Uart1RecvTask_Handler                            
0003f39c  Uart1_HwiISR                                     
000368cc  Uart1_RecvTask                                   
800085ec  Uart1_recv_QueHandle                             
80008370  Uart3RecvBuf                                     
80008611  Uart3RecvCount                                   
800085f0  Uart3RecvTask_Handler                            
0003f508  Uart3_HwiISR                                     
000369a4  Uart3_RecvTask                                   
800085f4  Uart3_recv_QueHandle                             
800083b0  Uart4RecvBuf                                     
80008612  Uart4RecvCount                                   
800085f8  Uart4RecvTask_Handler                            
0003f674  Uart4_HwiISR                                     
00036a7c  Uart4_RecvTask                                   
800085fc  Uart4_recv_QueHandle                             
000366e0  UartSendByte                                     
000364ec  UartSendHexU16                                   
0003641c  UartSendHexU32                                   
000365ac  UartSendMac                                      
0003681c  UartSendRtc                                      
000363bc  UartSendString                                   
80008600  Ultra_QueHandle                                  
000481e0  WatchdogHwiISR                                   
0004618c  WatchdogStart                                    
00046094  Watchdog_func                                    
00040174  _SetEndiaMode                                    
00005a00  __TI_CINIT_Base                                  
00005a20  __TI_CINIT_Limit                                 
000059e4  __TI_Handler_Table_Base                          
000059f0  __TI_Handler_Table_Limit                         
000405e0  __TI_PINIT_Base                                  
000405e4  __TI_PINIT_Limit                                 
00047db8  __TI_auto_init_nobinit_nopinit                   
00047a24  __TI_decompress_lzss                             
00048624  __TI_decompress_none                             
ffffffff  __TI_pprof_out_hndl                              
0002c964  __TI_printfi                                     
ffffffff  __TI_prof_data_size                              
ffffffff  __TI_prof_data_start                             
0002b794  __TI_scanfi                                      
00000000  __TI_static_base__                               
00048648  __TI_zero_init                                   
00048658  __aeabi_errno_addr                               
00048138  __aeabi_idiv                                     
00048674  __aeabi_idiv0                                    
00048138  __aeabi_idivmod                                  
00048674  __aeabi_ldiv0                                    
0004798c  __aeabi_ldivmod                                  
00047844  __aeabi_memclr                                   
00047844  __aeabi_memclr4                                  
00047844  __aeabi_memclr8                                  
00045aa4  __aeabi_memcpy                                   
00045aa4  __aeabi_memcpy4                                  
00045aa4  __aeabi_memcpy8                                  
00047848  __aeabi_memset                                   
00047848  __aeabi_memset4                                  
00047848  __aeabi_memset8                                  
00048230  __aeabi_uidiv                                    
00048230  __aeabi_uidivmod                                 
000435a4  __aeabi_uldivmod                                 
ffffffff  __binit__                                        
ffffffff  __c_args__                                       
00047780  _c_int00                                         
0004053c  _cacheDisable_                                   
0004050c  _cacheEnable_                                    
000404ec  _checkMemInitOn_                                 
000403e8  _coreClearAuxiliaryDataFault_                    
00040404  _coreClearAuxiliaryInstructionFault_             
000403b0  _coreClearDataFaultAddress_                      
00040378  _coreClearDataFault_                             
000403cc  _coreClearInstructionFaultAddress_               
00040394  _coreClearInstructionFault_                      
00040340  _coreDisableEventBusExport_                      
00040328  _coreEnableEventBusExport_                       
00040358  _coreEnableIrqVicOffset_                         
00040310  _coreEnableVfp_                                  
000403e0  _coreGetAuxiliaryDataFault_                      
000403fc  _coreGetAuxiliaryInstructionFault_               
000403a8  _coreGetDataFaultAddress_                        
00040370  _coreGetDataFault_                               
000403c4  _coreGetInstructionFaultAddress_                 
0004038c  _coreGetInstructionFault_                        
00040198  _coreInitRegisters_                              
000402a4  _coreInitStackPointer_                           
00049730  _ctypes_                                         
00040560  _dCacheInvalidate_                               
00040598  _dcacheCleanRange_                               
000405b4  _dcacheInvalidateRange_                          
00040418  _disable_IRQ_interrupt_                          
00040420  _enable_IRQ_interrupt_                           
00040428  _enable_interrupt_                               
00040430  _esmCcmErrorsClear_                              
000402f0  _getCPSRValue_                                   
000402f8  _gotoCPUIdle_                                    
0004057c  _iCacheInvalidate_                               
800087c4  _lock                                            
000404b8  _memInit_                                        
00042934  _mpuAreRegionsSeparate_                          
00042910  _mpuDisableBackgroundRegion_                     
000428d8  _mpuDisable_                                     
000428f8  _mpuEnableBackgroundRegion_                      
000428b8  _mpuEnable_                                      
00042928  _mpuGetNumberOfRegions_                          
00042958  _mpuGetRegionBaseAddress_                        
00042978  _mpuGetRegionPermission_                         
0004296c  _mpuGetRegionType_                               
00042948  _mpuGetRegion_                                   
000425f8  _mpuInit_                                        
00042950  _mpuSetRegionBaseAddress_                        
00042984  _mpuSetRegionSizeRegister_                       
00042960  _mpuSetRegionTypeAndPermission_                  
00042940  _mpuSetRegion_                                   
0004866c  _nop                                             
UNDEFED   _system_post_cinit                               
800087c8  _unlock                                          
0002b450  a2x                                              
00048664  abort                                            
00031d84  adc1GetConfigValue                               
00031960  adcCalibration                                   
00031d24  adcDisableNotification                           
00031cd4  adcEnableNotification                            
00031738  adcGetData                                       
00031d6c  adcGetEVTPin                                     
000313b0  adcInit                                          
00031930  adcIsConversionComplete                          
00031900  adcIsFifoFull                                    
00031b38  adcMidPointCalibration                           
000470e4  adcNotification                                  
00031710  adcResetFiFo                                     
00031d4c  adcSetEVTPin                                     
00031664  adcStartConversion                               
000316e8  adcStopConversion                                
00047b40  atoi                                             
00047bc4  atol                                             
0003cdf8  bIsValidNetworkDescriptor                        
ffffffff  binit                                            
000470f8  canErrorNotification                             
0001bb54  canInit                                          
00047120  canMessageNotification                           
0004710c  canStatusChangeNotification                      
000485b0  copysign                                         
00048610  copysignf                                        
000485b0  copysignl                                        
[...]
00040eb0  vIOUtilsSetRxQueueTimeout                        
00040ee8  xIOUtilsConfigureTransferQueue                   
0004102c  xIOUtilsReceiveCharsFromRxQueue                  
000410e0  xIOUtilsSendCharsToTxQueue                       
000411a8  xIOUtilsWaitTxQueueEmpty                         
00041244  xIOUtilsClearRxCharQueue                         
00041284  EMACMIIEnable                                    
000412a8  EMACRMIISpeedSet                                 
000412e8  EMACMACSrcAddrSet                                
0004134c  EMACMACAddrSet                                   
000413d4  EMACCoreIntAck                                   
000413f4  EMACInstConfig                                   
00041428  EMACLinkSetup                                    
000414a8  EMACDisableLoopback                              
00041510  EMACRxUnicastSet                                 
00041540  EMACRxBroadCastEnable                            
00041584  EMACDuplexSet                                    
000415c4  EMACReadNetStatRegisters                         
000415e8  EMACMACSrcAddrGet                                
0004167c  FF_TrySemaphore                                  
000416c8  FF_PendSemaphore                                 
000416f4  FF_ReleaseSemaphore                              
0004171c  FF_Sleep                                         
00041740  FF_CreateEvents                                  
00041790  FF_LockDirectory                                 
000417e0  FF_UnlockDirectory                               
0004182c  FF_Has_Lock                                      
000418a0  FF_Assert_Lock                                   
00041900  FF_LockFAT                                       
00041988  FF_UnlockFAT                                     
000419e0  FF_BufferWait                                    
00041a50  FF_BufferProceed                                 
00041a6c  vProcessGeneratedUDPPacket                       
00041c98  xProcessReceivedUDPPacket                        
00041e50  xIOUtilsConfigureCircularBufferRx                
00041fe0  vIOUtilsClearRxCircularBuffer                    
00042044  xIOUtilsReadCharsFromCircularBuffer              
000421fc  vIOUtilsSetCircularBufferTimeout                 
00042234  FF_toupper                                       
000422cc  FF_tolower                                       
00042364  FF_strmatch                                      
00042420  FF_strtok                                        
000425f8  _mpuInit_                                        
000428b8  _mpuEnable_                                      
000428d8  _mpuDisable_                                     
000428f8  _mpuEnableBackgroundRegion_                      
00042910  _mpuDisableBackgroundRegion_                     
00042928  _mpuGetNumberOfRegions_                          
00042934  _mpuAreRegionsSeparate_                          
00042940  _mpuSetRegion_                                   
00042948  _mpuGetRegion_                                   
00042950  _mpuSetRegionBaseAddress_                        
00042958  _mpuGetRegionBaseAddress_                        
00042960  _mpuSetRegionTypeAndPermission_                  
0004296c  _mpuGetRegionType_                               
00042978  _mpuGetRegionPermission_                         
00042984  _mpuSetRegionSizeRegister_                       
0004298c  vimECCErrorHandler                               
00042cc8  vStartUDPCommandInterpreterTask                  
000432dc  strtoll                                          
000435a4  __aeabi_uldivmod                                 
00043ad4  Can1_lowHwiISR                                   
00043b60  Can2_lowHwiISR                                   
00043bec  Can3_lowHwiISR                                   
00043c78  Can4_lowHwiISR                                   
00043f6c  vFreeRTOSEMACTxInterrupt                         
00044064  vFreeRTOSEMACRxThrshInterrupt                    
000440d8  vFreeRTOSEMACRxInterrupt                         
000441b4  logf                                             
000443f4  strtoull                                         
00044634  vListInitialise                                  
0004468c  vListInitialiseItem                              
000446a8  vListInsertEnd                                   
0004471c  vListInsert                                      
000447e0  uxListRemove                                     
0004486c  xIOUtilsConfigureZeroCopyTxDMA                   
000448ac  xIOUtilsConfigureZeroCopyTx                      
000449a8  xIOUtilsGetZeroCopyWriteMutex                    
00044a40  xIOUtilsReleaseZeroCopyWriteMutex                
00044aa0  RtcWrite                                         
00044ac4  RtcRead                                          
00044ae0  RtcInit                                          
00044bc4  RtcSetValue                                      
00044c58  RtcGetValue                                      
00044ccc  lin1HighLevelInterrupt                           
00044ed0  emif_SDRAMInit                                   
00044ed4  emifGetConfigValue                               
0004502c  emif_SDRAM_StartupInit                           
000450c8  strtol                                           
000452bc  strtoul                                          
00045474  xEventGroupGetBitsFromISR                        
000454a4  vEventGroupDelete                                
00045528  vEventGroupSetBitsCallback                       
00045544  vEventGroupClearBitsCallback                     
000455cc  uxEventGroupGetNumber                            
0004560c  FF_getChar                                       
0004562c  FF_getShort                                      
0004566c  FF_getLong                                       
000456c4  FF_putChar                                       
000456ec  FF_putShort                                      
00045734  FF_putLong                                       
00045794  esmHighInterrupt                                 
0004591c  vFreeRTOS_DMA_FTCA_Interrupt                     
00045920  vFreeRTOS_DMA_LFSA_Interrupt                     
00045924  vFreeRTOS_DMA_HBCA_Interrupt                     
00045928  vFreeRTOS_DMA_BTCA_Interrupt                     
00045a7c  vFreeRTOS_DMA_BERA_Interrupt                     
00045aa4  __aeabi_memcpy                                   
00045aa4  __aeabi_memcpy4                                  
00045aa4  __aeabi_memcpy8                                  
00045aa4  memcpy                                           
00045c24  FF_GetCRC32                                      
00045c90  FF_GetCRC16                                      
00045d20  FF_GetCRC8                                       
00045da0  LedInit                                          
00045dd4  LedRightTop_on                                   
00045de4  LedRightTop_off                                  
00045df4  LedRightBottom_on                                
00045e04  LedRightBottom_off                               
00045e14  LedLeftTop_on                                    
00045e24  LedLeftTop_off                                   
00045e34  LedLeftBottom_on                                 
00045e44  LedLeftBottom_off                                
00045e54  LedP1Status_on                                   
00045e64  LedP1Status_off                                  
00045e74  LedP2Status_on                                   
00045e84  LedP2Status_off                                  
00045e94  LedP3Status_on                                   
00045ea4  LedP3Status_off                                  
00045eb4  Phy1En_on                                        
00045ec4  Phy1En_off                                       
00045ed4  Phy2En_on                                        
00045ee4  Phy2En_off                                       
00046070  FreeRTOS_WatchdogInit                            
00046094  Watchdog_func                                    
000460a8  dwdInit                                          
000460d4  dwwdInit                                         
00046120  dwdReset                                         
00046148  dwdGenerateSysReset                              
00046170  dwdCounterEnable                                 
0004618c  WatchdogStart                                    
000461c0  vConfigureTimerForRunTimeStats                   
0004621c  xGetHighResolutionTime                           
00046270  vConfigureTimerForSysTime                        
00046450  floor                                            
00046450  floorl                                           
000466c8  Lin2_lowHwiISR                                   
00046804  gioHighLevelInterrupt                            
00046890  gioLowLevelInterrupt                             
0004692c  ldexp                                            
0004692c  ldexpl                                           
0004692c  scalbn                                           
0004692c  scalbnl                                          
00046a4c  webCodename                                      
00046d8c  vIOUtilsCreateTransferControlStructure           
00046e90  gioLow_HwiISR                                    
00046f94  ldexpf                                           
00046f94  scalbnf                                          
00047098  esmGroup1Notification                            
000470ac  esmGroup2Notification                            
000470c0  esmGroup3Notification                            
000470d0  dmaGroupANotification                            
000470e4  adcNotification                                  
000470f8  canErrorNotification                             
0004710c  canStatusChangeNotification                      
00047120  canMessageNotification                           
00047134  gioNotification                                  
00047148  sciNotification                                  
0004715c  epcCAMFullNotification                           
00047160  epcFIFOFullNotification                          
00047170  emacTxNotification                               
00047180  emacRxNotification                               
00047190  HardwareInit                                     
000471bc  DelayUs                                          
00047204  DelayNs                                          
0004724c  Delayns                                          
00047280  FreeRTOS_AdcInit                                 
000472d8  Adc1_StartTask                                   
0004730c  Adc1_DataProcessTask                             
0004736c  FreeRTOS_time                                    
000473a4  FreeRTOS_settime                                 
000473d0  FreeRTOS_get_secs_msec                           
0004740c  FreeRTOS_set_secs_msec                           
00047454  vFreeRTOSRTIOverFlow1Interrupt                   
000474a0  vFreeRTOSRTICmp1Interrupt                        
000476b8  strerror                                         
00047780  _c_int00                                         
00047844  __aeabi_memclr                                   
00047844  __aeabi_memclr4                                  
00047844  __aeabi_memclr8                                  
00047848  __aeabi_memset                                   
00047848  __aeabi_memset4                                  
00047848  __aeabi_memset8                                  
00047854  memset                                           
0004798c  __aeabi_ldivmod                                  
00047a24  __TI_decompress_lzss                             
00047ab4  frexp                                            
00047ab4  frexpl                                           
00047b40  atoi                                             
00047bc4  atol                                             
00047c48  ltoa                                             
00047cc8  snprintf                                         
00047db8  __TI_auto_init_nobinit_nopinit                   
00047e20  Adc1_HwiISR                                      
00047e88  uxr_millis                                       
00047ef0  vsnprintf                                        
00047fbc  sprintf                                          
00048020  vFreeRTOS_tms570ls20x31x_PopulateFunctionPointers
00048138  __aeabi_idiv                                     
00048138  __aeabi_idivmod                                  
0004818c  sscanf                                           
000481e0  WatchdogHwiISR                                   
00048230  __aeabi_uidiv                                    
00048230  __aeabi_uidivmod                                 
00048280  rand                                             
000482cc  strncpy                                          
00048314  memmove                                          
0004834c  srand                                            
00048384  memcmp                                           
000483b8  sqrtf                                            
000483ec  strncmp                                          
000484a8  memccpy                                          
000484d4  strrchr                                          
00048500  strchr                                           
00048528  strcmp                                           
00048550  wcslen                                           
00048574  strlen                                           
000485b0  copysign                                         
000485b0  copysignl                                        
000485cc  Input0_ISR                                       
000485d0  Input1_ISR                                       
000485d4  Input2_ISR                                       
000485d8  Input3_ISR                                       
000485dc  Input5_ISR                                       
000485e0  StopSwitch_ISR                                   
000485e4  strcpy                                           
00048610  copysignf                                        
00048624  __TI_decompress_none                             
00048648  __TI_zero_init                                   
00048658  __aeabi_errno_addr                               
00048664  C$$EXIT                                          
00048664  abort                                            
0004866c  _nop                                             
00048670  phantomInterrupt                                 
00048674  __aeabi_idiv0                                    
00048674  __aeabi_ldiv0                                    
00048678  crc32_table                                      
00048dac  xFTPCommands                                     
00049730  _ctypes_                                         
00049e60  xWebCommands                                     
0004a2d0  xBroadcastMACAddress                             
0004a2e0  xBufferAllocFixedSize                            
080050ec  pxCurrentTCB                                     
08005124  ulCriticalNesting                                
08005128  ulTaskHasFPUContext                              
80007de0  NorBuf                                           
80008330  Uart1RecvBuf                                     
80008370  Uart3RecvBuf                                     
800083b0  Uart4RecvBuf                                     
80008498  hdkif_data                                       
800084c4  AdcResult                                        
8000855c  xBoundTCPSocketsList                             
80008570  xBoundUDPSocketsList                             
800085b8  Adc1StartTask_Handler                            
800085bc  Can1RecvTask_Handler                             
800085c0  Can1_recv_QueHandle                              
800085c4  Can2RecvTask_Handler                             
800085c8  Can2_recv_QueHandle                              
800085cc  Can3RecvTask_Handler                             
800085d0  Can3SendTask_Handler                             
800085d4  Can3_recv_QueHandle                              
800085d8  Can4RecvTask_Handler                             
800085dc  Can4_recv_QueHandle                              
800085e0  Lin2RecvTask_Handler                             
800085e4  Lin2_recv_QueHandle                              
800085e8  Uart1RecvTask_Handler                            
800085ec  Uart1_recv_QueHandle                             
800085f0  Uart3RecvTask_Handler                            
800085f4  Uart3_recv_QueHandle                             
800085f8  Uart4RecvTask_Handler                            
800085fc  Uart4_recv_QueHandle                             
80008600  Ultra_QueHandle                                  
80008604  xServerWorkTaskHandle                            
80008608  xSysTimeMsec                                     
8000860c  xTask1Handle                                     
80008610  Uart1RecvCount                                   
80008611  Uart3RecvCount                                   
80008612  Uart4RecvCount                                   
80008613  ucAssumeFATType                                  
80008614  pxTypeCouples                                    
800086b0  xNetworkEventQueue                               
800086b4  usPacketIdentifier                               
800086bc  xIPTaskHandle                                    
800086d8  xEMACTxEventSemaphore                            
800086f1  xUartTX_DMA_Channels                             
800086f3  linFlag                                          
8000870c  xDefaultPartUDPPacketHeader                      
80008724  SPIDAT                                           
80008738  emacPhyAddress                                   
8000874c  xDefaultAddressing                               
80008760  xNetworkAddressing                               
800087b0  xTCPWindowLoggingLevel                           
800087c4  _lock                                            
800087c8  _unlock                                          
800087d4  xEMACRxEventSemaphoreFulls                       
800087e0  xConsoleUART                                     
800087e4  pxUartRxTransferControlStructs                   
800087ec  pxUartTxTransferControlStructs                   
800087f4  xSysTimeSeconds                                  
800087f8  xHighPrecisionTimerUsecMSB                       
80008804  emacAddress                                      
80008814  ulNextInitialSequenceNumber                      
80008818  iTimeZone                                        
8000881c  errno                                            
80008824  ucDNSServerAddress                               
80008828  ucGatewayAddress                                 
8000882c  ucIPAddress                                      
80008830  ucNetMask                                        
ffffffff  __TI_pprof_out_hndl                              
ffffffff  __TI_prof_data_size                              
ffffffff  __TI_prof_data_start                             
ffffffff  __binit__                                        
ffffffff  __c_args__                                       
ffffffff  binit                                            
UNDEFED   SHT$$INIT_ARRAY$$Base                            
UNDEFED   SHT$$INIT_ARRAY$$Limit                           
UNDEFED   _system_post_cinit                               

[991 symbols]
