******************************************************************************
                  TI ARM Linker PC v18.1.4                     
******************************************************************************
>> Linked Mon Nov 11 17:11:09 2019

OUTPUT FILE NAME:   <MCU-HalDriver-V2.out>
ENTRY POINT SYMBOL: "_c_int00"  address: 0004776c


MEMORY CONFIGURATION

         name            origin    length      used     unused   attr    fill
----------------------  --------  ---------  --------  --------  ----  --------
  VECTORS               00000000   00000020  00000020  00000000     X
  KERNEL                00000020   00008000  000059f4  0000260c  R  X
  FLASH0                00008020   001f7fe0  000424a4  001b5b3c  R  X
  FLASH1                00200000   00200000  00000000  00200000  R  X
  STACKS                08000000   00004e00  00000000  00004e00  RW  
  KRAM                  08004e00   00000800  00000304  000004fc  RW  
  RAM                   08005600   0007aa00  00048840  000321c0  RW  


SEGMENT ALLOCATION MAP

run origin  load origin   length   init length attrs members
----------  ----------- ---------- ----------- ----- -------
00000000    00000000    00005a18   00005a18    r-x
  00000000    00000000    00000020   00000020    r-x .intvecs
  00000020    00000020    000058a4   000058a4    r-x .kernelTEXT
  000058c8    000058c8    00000150   00000150    r-- .cinit
00008020    00008020    000424a4   000424a4    r-x
  00008020    00008020    00040660   00040660    r-x .text
  00048680    00048680    00001e44   00001e44    r-- .const
08004e00    08004e00    00000304   00000000    rw-
  08004e00    08004e00    00000304   00000000    rw- .kernelBSS
08005600    08005600    00048840   00000000    rw-
  08005600    08005600    00040000   00000000    rw- .kernelHEAP
  08045600    08045600    00008624   00000000    rw- .bss
  0804dc24    0804dc24    0000021c   00000000    rw- .data


SECTION ALLOCATION MAP

 output                                  attributes/
section   page    origin      length       input sections
--------  ----  ----------  ----------   ----------------
.intvecs   0    00000000    00000020     
                  00000000    00000020     HL_sys_intvecs.obj (.intvecs)

.kernelTEXT 
*          0    00000020    000058a4     
                  00000020    000030f0     os_tasks.obj (.kernelTEXT)
                  00003110    000014d4     os_queue.obj (.kernelTEXT)
                  000045e4    000006c4     os_event_groups.obj (.kernelTEXT)
                  00004ca8    000004b0     os_portasm.obj (.kernelTEXT)
                  00005158    000003dc     os_port.obj (.kernelTEXT)
                  00005534    00000390     os_heap.obj (.kernelTEXT)

.cinit     0    000058c8    00000150     
                  000058c8    00000103     (.cinit..data.load) [load image, compression = lzss]
                  000059cb    0000000d     (.cinit..kernelBSS.load) [load image, compression = lzss]
                  000059d8    0000000c     (__TI_handler_table)
                  000059e4    00000004     --HOLE-- [fill = 0]
                  000059e8    00000008     (.cinit..bss.load) [load image, compression = zero_init]
                  000059f0    00000008     (.cinit..kernelHEAP.load) [load image, compression = zero_init]
                  000059f8    00000020     (__TI_cinit_table)

.text      0    00008020    00040660     
                  00008020    00004408     FreeRTOS_TCP_IP.obj (.text)
                  0000c428    000042cc     FreeRTOS_FTP_server.obj (.text)
                  000106f4    00003ea0     FreeRTOS_Sockets.obj (.text)
                  00014594    00003aec     ff_dir.obj (.text)
                  00018080    00003a60     ff_file.obj (.text)
                  0001bae0    000038f8     HL_can.obj (.text)
                  0001f3d8    000027a4     ff_ioman.obj (.text)
                  00021b7c    000023f8     FreeRTOS_TCP_WIN.obj (.text)
                  00023f74    00001cb0     ff_stdio.obj (.text)
                  00025c24    00001c5c     FreeRTOS_IP.obj (.text)
                  00027880    000019e0     ff_fat.obj (.text)
                  00029260    000011d4     rtsv7R4_A_be_v3D16_eabi.lib : _scanfi.c.obj (.text:__TI_scanfi)
                  0002a434    00000f9c                                 : _printfi.c.obj (.text:__TI_printfi)
                  0002b3d0    00000f54     tja1102.obj (.text)
                  0002c324    00000ef8     HL_sci.obj (.text)
                  0002d21c    00000e3c     MX25l6406E.obj (.text)
                  0002e058    00000e24     FreeRTOS_DNS.obj (.text)
                  0002ee7c    00000e04     Spi_driver.obj (.text)
                  0002fc80    00000dec     CLI_commands.obj (.text)
                  00030a6c    00000ca0     HL_adc.obj (.text)
                  0003170c    00000c80     Can_driver.obj (.text)
                  0003238c    00000bf8     tms570ls20x31x_uart.obj (.text)
                  00032f84    00000b18     NetworkInterface.obj (.text)
                  00033a9c    00000a64     FAT-CLI-commands.obj (.text)
                  00034500    00000a44     FreeRTOS_ARP.obj (.text)
                  00034f44    000009fc     HL_pinmux.obj (.text)
                  00035940    000009a0     HL_system.obj (.text)
                  000362e0    00000964     FreeRTOS_HTTP_server.obj (.text)
                  00036c44    00000944     HL_sys_vim.obj (.text)
                  00037588    00000920     HL_sys_dma.obj (.text)
                  00037ea8    000008c0     NTPDemo.obj (.text)
                  00038768    00000878     HL_lin.obj (.text)
                  00038fe0    00000828     tms570ls20x31x_uart.obj (.text:retain)
                  00039808    0000080c     Sci_driver.obj (.text)
                  0003a014    000007a8     HL_esm.obj (.text)
                  0003a7bc    00000730     os_mpu_wrappers.obj (.text)
                  0003aeec    000006ec     FreeRTOS_TCP_server.obj (.text)
                  0003b5d8    000006c0     Lin_driver.obj (.text)
                  0003bc98    00000660     rtsv7R4_A_be_v3D16_eabi.lib : e_powf.c.obj (.text:powf)
                  0003c2f8    000005ec     IIC_driver.obj (.text)
                  0003c8e4    000005e8     BufferAllocation_3.obj (.text)
                  0003cecc    00000590     FreeRTOS_CLI.obj (.text)
                  0003d45c    00000590     udp_can.obj (.text)
                  0003d9ec    00000580     ff_sys.obj (.text)
                  0003df6c    0000055c     FreeRTOS_Stream_Buffer.obj (.text)
                  0003e4c8    0000054c     rtsv7R4_A_be_v3D16_eabi.lib : strtod.c.obj (.text:strtod)
                  0003ea14    00000548     sja1105s.obj (.text)
                  0003ef5c    000004b4     Sci_driver.obj (.text:retain)
                  0003f410    000004a0     FreeRTOS_DriverInterface.obj (.text)
                  0003f8b0    0000049c     main.obj (.text)
                  0003fd4c    00000484     HL_gio.obj (.text)
                  000401d0    00000474     HL_sys_core.obj (.text)
                  00040644    00000460     ff_time.obj (.text)
                  00040aa4    00000430     UARTCommandConsole.obj (.text)
                  00040ed4    0000040c     IOUtils_CharQueueTxAndRx.obj (.text)
                  000412e0    000003f8     HL_emac.obj (.text)
                  000416d8    000003f0     ff_locking.obj (.text)
                  00041ac8    000003e4     FreeRTOS_UDP_IP.obj (.text)
                  00041eac    000003e4     IOUtils_CircularBufferRx.obj (.text)
                  00042290    000003c4     ff_string.obj (.text)
                  00042654    00000394     HL_sys_mpu.obj (.text)
                  000429e8    0000033c     HL_sys_vim.obj (.text:retain)
                  00042d24    00000338     UDPCommandConsole.obj (.text)
                  0004305c    000002dc     rtsv7R4_A_be_v3D16_eabi.lib : _printfi.c.obj (.text:_pconv_a)
                  00043338    000002c8                                 : strtoll.c.obj (.text:strtoll)
                  00043600    000002b8                                 : ull_div32.asm.obj (.text)
                  000438b8    00000278     os_heap.obj (.text)
                  00043b30    00000250     Can_driver.obj (.text:retain)
                  00043d80    00000248     rtsv7R4_A_be_v3D16_eabi.lib : _printfi.c.obj (.text:_pconv_g)
                  00043fc8    00000248     NetworkInterface.obj (.text:retain)
                  00044210    00000240     rtsv7R4_A_be_v3D16_eabi.lib : e_logf.c.obj (.text:logf)
                  00044450    00000240                                 : strtoull.c.obj (.text:strtoull)
                  00044690    00000238     os_list.obj (.text)
                  000448c8    00000234     IOUtils_ZeroCopyTx.obj (.text)
                  00044afc    00000204     HL_sci.obj (.text:retain)
                  00044d00    000001fc     pcf2129.obj (.text)
                  00044efc    000001f8     HL_emif.obj (.text)
                  000450f4    000001f4     rtsv7R4_A_be_v3D16_eabi.lib : strtol.c.obj (.text:strtol)
                  000452e8    000001b8                                 : strtoul.c.obj (.text:strtoul)
                  000454a0    00000198     os_event_groups.obj (.text)
                  00045638    00000188     ff_memory.obj (.text)
                  000457c0    00000188     HL_esm.obj (.text:retain)
                  00045948    00000188     tms570ls20x31x_dma.obj (.text:retain)
                  00045ad0    00000180     rtsv7R4_A_be_v3D16_eabi.lib : memcpy32.asm.obj (.text)
                  00045c50    0000017c     ff_crc.obj (.text)
                  00045dcc    0000015c     rtsv7R4_A_be_v3D16_eabi.lib : _printfi.c.obj (.text:_pconv_e)
                  00045f28    00000150     watchdog_driver.obj (.text)
                  00046078    0000014c     rti_runtimestats.obj (.text)
                  000461c4    00000144     rtsv7R4_A_be_v3D16_eabi.lib : _printfi.c.obj (.text:fcvt)
                  00046308    0000013c                                 : s_floor.c.obj (.text:floor)
                  00046444    0000013c     os_port.obj (.text)
                  00046580    0000013c     Lin_driver.obj (.text:retain)
                  000466bc    00000134     Led.obj (.text)
                  000467f0    00000128     HL_gio.obj (.text:retain)
                  00046918    00000120     rtsv7R4_A_be_v3D16_eabi.lib : s_scalbn.c.obj (.text:scalbn)
                  00046a38    00000118     FreeRTOS_HTTP_commands.obj (.text)
                  00046b50    00000115     rtsv7R4_A_be_v3D16_eabi.lib : _printfi.c.obj (.text:_ltostr)
                  00046c65    00000003     --HOLE-- [fill = 0]
                  00046c68    00000110     os_tasks.obj (.text)
                  00046d78    00000104     FreeRTOS_IOUtils.obj (.text)
                  00046e7c    00000104     Gpio_driver.obj (.text:retain)
                  00046f80    00000104     rtsv7R4_A_be_v3D16_eabi.lib : s_scalbnf.c.obj (.text:scalbnf)
                  00047084    000000f8     HL_notification.obj (.text)
                  0004717c    000000f0     hardware.obj (.text)
                  0004726c    000000ec     Adc.obj (.text)
                  00047358    000000e8     ma_date_and_time.obj (.text)
                  00047440    000000d0     rti_runtimestats.obj (.text:retain)
                  00047510    000000cc     rtsv7R4_A_be_v3D16_eabi.lib : sscanf.c.obj (.text:_chkmbc)
                  000475dc    000000c8                                 : _printfi.c.obj (.text:_mcpy)
                  000476a4    000000c8                                 : strerror.c.obj (.text:strerror)
                  0004776c    000000b8     HL_sys_startup.obj (.text:retain)
                  00047824    000000b0     rtsv7R4_A_be_v3D16_eabi.lib : memset32.asm.obj (.text)
                  000478d4    00000098                                 : _printfi.c.obj (.text:_ecpy)
                  0004796c    00000098                                 : ll_div32.asm.obj (.text)
                  00047a04    00000090                                 : copy_decompress_lzss.c.obj (.text:decompress:lzss:__TI_decompress_lzss)
                  00047a94    0000008c                                 : s_frexp.c.obj (.text:frexp)
                  00047b20    00000084                                 : atoi.c.obj (.text:atoi)
                  00047ba4    00000084                                 : atol.c.obj (.text:atol)
                  00047c28    00000080                                 : ltoa.c.obj (.text:ltoa)
                  00047ca8    0000007c                                 : snprintf.c.obj (.text:snprintf)
                  00047d24    00000074                                 : _printfi.c.obj (.text:_pconv_f)
                  00047d98    00000068                                 : autoinit.c.obj (.text:__TI_auto_init_nobinit_nopinit:__TI_auto_init_nobinit_nopinit)
                  00047e00    00000068     Adc.obj (.text:retain)
                  00047e68    00000068     time_common.obj (.text)
                  00047ed0    00000068     rtsv7R4_A_be_v3D16_eabi.lib : vsnprintf.c.obj (.text:vsnprintf)
                  00047f38    00000064                                 : _printfi.c.obj (.text:_fcpy)
                  00047f9c    00000064                                 : sprintf.c.obj (.text:sprintf)
                  00048000    00000060     tms570ls20x31x_driverInterface.obj (.text)
                  00048060    0000005c     rtsv7R4_A_be_v3D16_eabi.lib : snprintf.c.obj (.text:_outs)
                  000480bc    0000005c                                 : vsnprintf.c.obj (.text:_outs)
                  00048118    00000054                                 : i_div32.asm.obj (.text)
                  0004816c    00000054                                 : sscanf.c.obj (.text:sscanf)
                  000481c0    00000050     watchdog_driver.obj (.text:retain)
                  00048210    00000050     rtsv7R4_A_be_v3D16_eabi.lib : u_div32.asm.obj (.text)
                  00048260    0000004c                                 : rand.c.obj (.text:rand)
                  000482ac    00000048                                 : strncpy.c.obj (.text:strncpy)
                  000482f4    00000038                                 : memmov.c.obj (.text:memmove)
                  0004832c    00000038                                 : rand.c.obj (.text:srand)
                  00048364    00000034                                 : memcmp.c.obj (.text:memcmp)
                  00048398    00000034                                 : e_sqrtf.c.obj (.text:sqrtf)
                  000483cc    00000034                                 : strncmp.c.obj (.text:strncmp)
                  00048400    00000030                                 : sprintf.c.obj (.text:_outs)
                  00048430    0000002c                                 : snprintf.c.obj (.text:_outc)
                  0004845c    0000002c                                 : vsnprintf.c.obj (.text:_outc)
                  00048488    0000002c                                 : memccpy.c.obj (.text:memccpy)
                  000484b4    0000002c                                 : strrchr.c.obj (.text:strrchr)
                  000484e0    00000028                                 : strcat.c.obj (.text:strcat)
                  00048508    00000028                                 : strchr.c.obj (.text:strchr)
                  00048530    00000028                                 : strcmp.c.obj (.text:strcmp)
                  00048558    00000024                                 : wcslen.c.obj (.text:wcslen)
                  0004857c    00000020                                 : strlen.c.obj (.text:strlen)
                  0004859c    0000001c                                 : sscanf.c.obj (.text:_inpchar)
                  000485b8    0000001c                                 : s_copysign.c.obj (.text:copysign)
                  000485d4    00000018     Gpio_driver.obj (.text)
                  000485ec    00000018     rtsv7R4_A_be_v3D16_eabi.lib : strcpy.c.obj (.text:strcpy)
                  00048604    00000014                                 : sprintf.c.obj (.text:_outc)
                  00048618    00000014                                 : s_copysignf.c.obj (.text:copysignf)
                  0004862c    00000014                                 : copy_decompress_none.c.obj (.text:decompress:none:__TI_decompress_none)
                  00048640    00000010                                 : sscanf.c.obj (.text:_uninpchar)
                  00048650    00000010                                 : copy_zero_init.c.obj (.text:decompress:ZI:__TI_zero_init)
                  00048660    0000000c                                 : errno.c.obj (.text:__aeabi_errno_addr)
                  0004866c    00000008                                 : exit.c.obj (.text:abort:abort)
                  00048674    00000004                                 : _lock.c.obj (.text:_nop)
                  00048678    00000004     HL_sys_phantom.obj (.text:retain)
                  0004867c    00000004     rtsv7R4_A_be_v3D16_eabi.lib : div0.asm.obj (.text)

.const     0    00048680    00001e44     
                  00048680    00000400     ff_crc.obj (.const:crc32_table)
                  00048a80    000002a4     main.obj (.const:.string)
                  00048d24    00000270     FreeRTOS_FTP_commands.obj (.const:xFTPCommands)
                  00048f94    00000200     HL_sys_vim.obj (.const:s_vim_init)
                  00049194    000001b8     FAT-CLI-commands.obj (.const:.string)
                  0004934c    00000104     sja1105s.obj (.const:configBurst0_0)
                  00049450    00000104     sja1105s.obj (.const:configBurst0_1)
                  00049554    00000104     sja1105s.obj (.const:configBurst0_2)
                  00049658    00000104     sja1105s.obj (.const:configBurst0_3)
                  0004975c    00000104     sja1105s.obj (.const:configBurst0_4)
                  00049860    00000101     rtsv7R4_A_be_v3D16_eabi.lib : ctype.c.obj (.const:.string:_ctypes_)
                  00049961    00000100     ff_crc.obj (.const:.string:crc16_table_high)
                  00049a61    00000100     ff_crc.obj (.const:.string:crc16_table_low)
                  00049b61    00000100     ff_crc.obj (.const:.string:crc8_table)
                  00049c61    00000002     ff_sys.obj (.const:.string:rootDir)
                  00049c63    00000001     FreeRTOS_HTTP_server.obj (.const:.string:pcEmptyString)
                  00049c64    000000e0     FreeRTOS_HTTP_server.obj (.const:.string)
                  00049d44    000000a4     FreeRTOS_TCP_IP.obj (.const:.string)
                  00049de8    00000098     NTPDemo.obj (.const:.string)
                  00049e80    00000090     UARTCommandConsole.obj (.const:.string)
                  00049f10    00000080     rtsv7R4_A_be_v3D16_eabi.lib : strtod.c.obj (.const:digits)
                  00049f90    00000078     FreeRTOS_HTTP_commands.obj (.const:xWebCommands)
                  0004a008    00000048     FreeRTOS_HTTP_commands.obj (.const:.string)
                  0004a050    00000048     rtsv7R4_A_be_v3D16_eabi.lib : strtod.c.obj (.const:powerof10)
                  0004a098    00000039     udp_can.obj (.const:.string:$P$T0$1)
                  0004a0d1    00000003     --HOLE-- [fill = 0]
                  0004a0d4    00000038     FreeRTOS_CLI.obj (.const:.string)
                  0004a10c    00000032     FreeRTOS_FTP_server.obj (.const:.string:pcFeatAnswer$1)
                  0004a13e    00000026     FreeRTOS_ARP.obj (.const:.string:xDefaultPartARPPacketHeader)
                  0004a164    00000025     FreeRTOS_FTP_server.obj (.const:.string:pcMonthList$2)
                  0004a189    00000003     --HOLE-- [fill = 0]
                  0004a18c    00000020     Can_driver.obj (.const:$P$T0$1)
                  0004a1ac    00000020     Can_driver.obj (.const:$P$T1$2)
                  0004a1cc    00000020     main.obj (.const:xServerConfiguration$1)
                  0004a1ec    0000001c     sja1105s.obj (.const:configBurst0_5)
                  0004a208    00000018     HL_adc.obj (.const:s_adcFiFoSize)
                  0004a220    00000018     HL_adc.obj (.const:s_adcSelect)
                  0004a238    00000018     FreeRTOS_DriverInterface.obj (.const:xAvailablePeripherals)
                  0004a250    00000014     os_tasks.obj (.const:.string:ucExpectedStackBytes$1)
                  0004a264    00000012     MX25l6406E.obj (.const:$P$T0$1)
                  0004a276    00000002     --HOLE-- [fill = 0]
                  0004a278    00000010     FreeRTOS_DriverInterface.obj (.const:.string)
                  0004a288    00000010     FAT-CLI-commands.obj (.const:xCD)
                  0004a298    00000010     FAT-CLI-commands.obj (.const:xCOPY)
                  0004a2a8    00000010     FAT-CLI-commands.obj (.const:xDEL)
                  0004a2b8    00000010     FAT-CLI-commands.obj (.const:xDIR)
                  0004a2c8    00000010     main.obj (.const:xEmacStat)
                  0004a2d8    00000010     FreeRTOS_CLI.obj (.const:xHelpCommand)
                  0004a2e8    00000010     main.obj (.const:xNetStat)
                  0004a2f8    00000010     FAT-CLI-commands.obj (.const:xPWD)
                  0004a308    00000010     main.obj (.const:xPing)
                  0004a318    00000010     FAT-CLI-commands.obj (.const:xRMDIR)
                  0004a328    00000010     main.obj (.const:xReset)
                  0004a338    00000010     main.obj (.const:xRunTimeStats)
                  0004a348    00000010     FAT-CLI-commands.obj (.const:xTYPE)
                  0004a358    00000010     main.obj (.const:xTaskStats)
                  0004a368    0000000c     UARTCommandConsole.obj (.const)
                  0004a374    0000000c     FreeRTOS_DNS.obj (.const:xDefaultPartDNSHeader$3)
                  0004a380    0000000b     FreeRTOS_FTP_server.obj (.const:.string:$P$T2$3)
                  0004a38b    0000000a     ff_dir.obj (.const:.string:forbiddenChrs)
                  0004a395    00000009     FreeRTOS_FTP_server.obj (.const:.string:$P$T3$4)
                  0004a39e    00000002     --HOLE-- [fill = 0]
                  0004a3a0    00000008     FreeRTOS_Sockets.obj (.const:$P$T0$1)
                  0004a3a8    00000008     FreeRTOS_IP.obj (.const:$P$T0$5)
                  0004a3b0    00000008     FreeRTOS_FTP_server.obj (.const:.string:$P$T4$5)
                  0004a3b8    00000008     rtsv7R4_A_be_v3D16_eabi.lib : e_powf.c.obj (.const:bp)
                  0004a3c0    00000008                                 : e_powf.c.obj (.const:dp_h)
                  0004a3c8    00000008                                 : e_powf.c.obj (.const:dp_l)
                  0004a3d0    00000008     sja1105s.obj (.const:port0_rmii_idiv0)
                  0004a3d8    00000008     sja1105s.obj (.const:port0_rmii_refclk)
                  0004a3e0    00000008     sja1105s.obj (.const:port1_ext_tx_clk)
                  0004a3e8    00000008     sja1105s.obj (.const:port1_idiv1)
                  0004a3f0    00000008     sja1105s.obj (.const:port1_pll1)
                  0004a3f8    00000008     sja1105s.obj (.const:port1_pll)
                  0004a400    00000008     sja1105s.obj (.const:port1_ref_clk1)
                  0004a408    00000008     sja1105s.obj (.const:port2_ext_tx_clk)
                  0004a410    00000008     sja1105s.obj (.const:port2_idiv2)
                  0004a418    00000008     sja1105s.obj (.const:port2_ref_clk2)
                  0004a420    00000008     sja1105s.obj (.const:port3_ext_tx_clk)
                  0004a428    00000008     sja1105s.obj (.const:port3_idiv3)
                  0004a430    00000008     sja1105s.obj (.const:port3_ref_clk3)
                  0004a438    00000008     sja1105s.obj (.const:regset_en)
                  0004a440    00000008     FreeRTOS_IP.obj (.const:xNetworkDownEvent$2)
                  0004a448    00000008     FreeRTOS_IP.obj (.const:xNetworkDownEvent$3)
                  0004a450    00000007     rtsv7R4_A_be_v3D16_eabi.lib : _scanfi.c.obj (.const:.string:flit$1)
                  0004a457    00000006                                 : _scanfi.c.obj (.const:.string:barr$2)
                  0004a45d    00000001     --HOLE-- [fill = 0]
                  0004a45e    00000006     sja1105s.obj (.const:autoneg_adv)
                  0004a464    00000006     sja1105s.obj (.const:autoneg_control)
                  0004a46a    00000006     sja1105s.obj (.const:basic_control)
                  0004a470    00000006     sja1105s.obj (.const:digital_control1)
                  0004a476    00000006     sja1105s.obj (.const:digital_control2)
                  0004a47c    00000006     sja1105s.obj (.const:digital_error_cnt)
                  0004a482    00000006     sja1105s.obj (.const:level_control)
                  0004a488    00000006     sja1105s.obj (.const:rx_eq_control)
                  0004a48e    00000006     sja1105s.obj (.const:tx_attn_control)
                  0004a494    00000006     sja1105s.obj (.const:tx_boost_control)
                  0004a49a    00000006     sja1105s.obj (.const:tx_edge_control)
                  0004a4a0    00000006     FreeRTOS_IP.obj (.const:xBroadcastMACAddress)
                  0004a4a6    00000004     sja1105s.obj (.const:$P$T0$1)
                  0004a4aa    00000004     sja1105s.obj (.const:$P$T1$2)
                  0004a4ae    00000004     main.obj (.const:.string:ucDNSServerAddress)
                  0004a4b2    00000004     main.obj (.const:.string:ucGatewayAddress)
                  0004a4b6    00000004     main.obj (.const:.string:ucIPAddress)
                  0004a4ba    00000004     main.obj (.const:.string:ucNetMask)
                  0004a4be    00000002     --HOLE-- [fill = 0]
                  0004a4c0    00000004     BufferAllocation_3.obj (.const)

.kernelBSS 
*          0    08004e00    00000304     UNINITIALIZED
                  08004e00    000002c4     os_tasks.obj (.kernelBSS:uninit)
                  080050c4    00000038     os_tasks.obj (.kernelBSS:init)
                  080050fc    00000008     os_port.obj (.kernelBSS)

.kernelHEAP 
*          0    08005600    00040000     UNINITIALIZED
                  08005600    00040000     os_heap.obj (.kernelHEAP)

.bss       0    08045600    00008624     UNINITIALIZED
                  08045600    00007710     BufferAllocation_3.obj (.bss:ucBuffers)
                  0804cd10    00000400     UDPCommandConsole.obj (.bss:cOutputString$2)
                  0804d110    000002d0     BufferAllocation_3.obj (.bss:xNetworkBuffers)
                  0804d3e0    00000200     (.common:NorBuf)
                  0804d5e0    00000190     FreeRTOS_CLI.obj (.bss:cOutputBuffer)
                  0804d770    00000064     UARTCommandConsole.obj (.bss:cLastInputString$1)
                  0804d7d4    00000064     ff_sys.obj (.bss:file_systems)
                  0804d838    00000060     FreeRTOS_DNS.obj (.bss:xDNSCache)
                  0804d898    00000050     HL_sci.obj (.bss:g_sciTransfer_t)
                  0804d8e8    00000048     FreeRTOS_ARP.obj (.bss:xARPCache)
                  0804d930    00000040     (.common:Uart1RecvBuf)
                  0804d970    00000040     (.common:Uart3RecvBuf)
                  0804d9b0    00000040     (.common:Uart4RecvBuf)
                  0804d9f0    0000003c     UDPCommandConsole.obj (.bss:cInputString$1)
                  0804da2c    0000003c     UDPCommandConsole.obj (.bss:cLocalBuffer$3)
                  0804da68    00000030     NTPDemo.obj (.bss:xNTPPacket)
                  0804da98    0000002c     (.common:hdkif_data)
                  0804dac4    00000020     (.common:AdcResult)
                  0804dae4    00000014     FreeRTOS_IP.obj (.bss:xARPTimer)
                  0804daf8    00000014     FreeRTOS_DNS.obj (.bss:xCallbackList)
                  0804db0c    00000014     FreeRTOS_IP.obj (.bss:xDNSTimer)
                  0804db20    00000014     BufferAllocation_3.obj (.bss:xFreeBuffersList)
                  0804db34    00000014     FreeRTOS_TCP_WIN.obj (.bss:xSegmentList)
                  0804db48    00000014     FreeRTOS_IP.obj (.bss:xTCPTimer)
                  0804db5c    00000014     (.common:xBoundTCPSocketsList)
                  0804db70    00000014     (.common:xBoundUDPSocketsList)
                  0804db84    0000000c     FreeRTOS_TCP_IP.obj (.bss:retString$1)
                  0804db90    00000008     NTPDemo.obj (.bss)
                  0804db98    00000008     NetworkInterface.obj (.bss)
                  0804dba0    00000008     os_heap.obj (.bss:xStart)
                  0804dba8    00000004     BufferAllocation_3.obj (.bss)
                  0804dbac    00000004     CLI_commands.obj (.bss)
                  0804dbb0    00000004     FreeRTOS_DNS.obj (.bss)
                  0804dbb4    00000004     FreeRTOS_IP.obj (.bss)
                  0804dbb8    00000004     (.common:Adc1StartTask_Handler)
                  0804dbbc    00000004     (.common:Can1RecvTask_Handler)
                  0804dbc0    00000004     (.common:Can1_recv_QueHandle)
                  0804dbc4    00000004     (.common:Can2RecvTask_Handler)
                  0804dbc8    00000004     (.common:Can2_recv_QueHandle)
                  0804dbcc    00000004     (.common:Can3RecvTask_Handler)
                  0804dbd0    00000004     (.common:Can3SendTask_Handler)
                  0804dbd4    00000004     (.common:Can3_recv_QueHandle)
                  0804dbd8    00000004     (.common:Can4RecvTask_Handler)
                  0804dbdc    00000004     (.common:Can4_recv_QueHandle)
                  0804dbe0    00000004     (.common:Lin2RecvTask_Handler)
                  0804dbe4    00000004     (.common:Lin2_recv_QueHandle)
                  0804dbe8    00000004     (.common:Uart1RecvTask_Handler)
                  0804dbec    00000004     (.common:Uart1_recv_QueHandle)
                  0804dbf0    00000004     (.common:Uart3RecvTask_Handler)
                  0804dbf4    00000004     (.common:Uart3_recv_QueHandle)
                  0804dbf8    00000004     (.common:Uart4RecvTask_Handler)
                  0804dbfc    00000004     (.common:Uart4_recv_QueHandle)
                  0804dc00    00000004     (.common:UdpRecv_Task_Handle)
                  0804dc04    00000004     (.common:UdpSend_Task_Handle)
                  0804dc08    00000004     (.common:Ultra_QueHandle)
                  0804dc0c    00000004     (.common:udp_recv_que_handle)
                  0804dc10    00000004     (.common:xServerWorkTaskHandle)
                  0804dc14    00000004     (.common:xSocket)
                  0804dc18    00000004     (.common:xSysTimeMsec)
                  0804dc1c    00000004     (.common:xTask1Handle)
                  0804dc20    00000001     (.common:Uart1RecvCount)
                  0804dc21    00000001     (.common:Uart3RecvCount)
                  0804dc22    00000001     (.common:Uart4RecvCount)
                  0804dc23    00000001     (.common:ucAssumeFATType)

.data      0    0804dc24    0000021c     UNINITIALIZED
                  0804dc24    00000068     FreeRTOS_HTTP_server.obj (.data:pxTypeCouples)
                  0804dc8c    00000034     FreeRTOS_TCP_IP.obj (.data:pcStateNames)
                  0804dcc0    00000024     FreeRTOS_IP.obj (.data)
                  0804dce4    0000001d     NetworkInterface.obj (.data)
                  0804dd01    00000002     tms570ls20x31x_uart.obj (.data:xUartTX_DMA_Channels)
                  0804dd03    00000001     Lin_driver.obj (.data)
                  0804dd04    00000018     NTPDemo.obj (.data:pcTimeServers)
                  0804dd1c    00000018     FreeRTOS_UDP_IP.obj (.data:xDefaultPartUDPPacketHeader)
                  0804dd34    00000014     Spi_driver.obj (.data:SPIDAT)
                  0804dd48    00000014     main.obj (.data)
                  0804dd5c    00000014     FreeRTOS_IP.obj (.data:xDefaultAddressing)
                  0804dd70    00000014     FreeRTOS_IP.obj (.data:xNetworkAddressing)
                  0804dd84    00000010     NTPDemo.obj (.data)
                  0804dd94    00000010     os_heap.obj (.data)
                  0804dda4    0000000c     FreeRTOS_CLI.obj (.data)
                  0804ddb0    0000000c     FreeRTOS_DNS.obj (.data)
                  0804ddbc    0000000c     FreeRTOS_TCP_WIN.obj (.data)
                  0804ddc8    0000000c     UDPCommandConsole.obj (.data)
                  0804ddd4    00000008     rtsv7R4_A_be_v3D16_eabi.lib : _lock.c.obj (.data:$O1$$)
                  0804dddc    00000008     BufferAllocation_3.obj (.data)
                  0804dde4    00000008     CLI_commands.obj (.data)
                  0804ddec    00000008     FAT-CLI-commands.obj (.data)
                  0804ddf4    00000008     UARTCommandConsole.obj (.data)
                  0804ddfc    00000008     tms570ls20x31x_uart.obj (.data:pxUartRxTransferControlStructs)
                  0804de04    00000008     tms570ls20x31x_uart.obj (.data:pxUartTxTransferControlStructs)
                  0804de0c    00000008     rti_runtimestats.obj (.data)
                  0804de14    00000008     FreeRTOS_CLI.obj (.data:xRegisteredCommands)
                  0804de1c    00000006     main.obj (.data:emacAddress)
                  0804de22    00000002     --HOLE--
                  0804de24    00000004     FreeRTOS_ARP.obj (.data)
                  0804de28    00000004     FreeRTOS_Sockets.obj (.data)
                  0804de2c    00000004     FreeRTOS_TCP_IP.obj (.data)
                  0804de30    00000004     ma_date_and_time.obj (.data)
                  0804de34    00000004     rtsv7R4_A_be_v3D16_eabi.lib : errno.c.obj (.data)
                  0804de38    00000004                                 : rand.c.obj (.data)
                  0804de3c    00000004     FreeRTOS_Sockets.obj (.data:usNextPortToUse)

MODULE SUMMARY

       Module                               code     ro data   rw data
       ------                               ----     -------   -------
    .\FreeRTOS-Plus-CLI\
       CLI_commands.obj                     3564     0         12     
       FAT-CLI-commands.obj                 2660     552       8      
       FreeRTOS_CLI.obj                     1424     72        420    
    +--+------------------------------------+--------+---------+---------+
       Total:                               7648     624       440    
                                                                      
    .\FreeRTOS-Plus-FAT\
       ff_dir.obj                           15084    10        0      
       ff_file.obj                          14944    0         0      
       ff_ioman.obj                         10148    0         1      
       ff_stdio.obj                         7344     0         0      
       ff_fat.obj                           6624     0         0      
       ff_crc.obj                           380      1792      0      
       ff_sys.obj                           1408     2         100    
       ff_time.obj                          1120     0         0      
       ff_locking.obj                       1008     0         0      
       ff_string.obj                        964      0         0      
       ff_memory.obj                        392      0         0      
    +--+------------------------------------+--------+---------+---------+
       Total:                               59416    1804      101    
                                                                      
    .\FreeRTOS-Plus-IO\Common\
       FreeRTOS_DriverInterface.obj         1184     40        0      
       IOUtils_CharQueueTxAndRx.obj         1036     0         0      
       IOUtils_CircularBufferRx.obj         996      0         0      
       IOUtils_ZeroCopyTx.obj               564      0         0      
       FreeRTOS_IOUtils.obj                 260      0         0      
    +--+------------------------------------+--------+---------+---------+
       Total:                               4040     40        0      
                                                                      
    .\FreeRTOS-Plus-IO\Device\tms570ls20x31x\source\
       tms570ls20x31x_uart.obj              5152     0         18     
       tms570ls20x31x_dma.obj               392      0         0      
       tms570ls20x31x_driverInterface.obj   96       0         0      
    +--+------------------------------------+--------+---------+---------+
       Total:                               5640     0         18     
                                                                      
    .\FreeRTOS-Plus-TCP\
       FreeRTOS_TCP_IP.obj                  17416    164       68     
       FreeRTOS_Sockets.obj                 16032    8         48     
       FreeRTOS_TCP_WIN.obj                 9208     0         32     
       FreeRTOS_IP.obj                      7260     30        140    
       FreeRTOS_DNS.obj                     3620     12        132    
       FreeRTOS_ARP.obj                     2628     38        76     
       FreeRTOS_Stream_Buffer.obj           1372     0         0      
       FreeRTOS_UDP_IP.obj                  996      0         24     
    +--+------------------------------------+--------+---------+---------+
       Total:                               58532    252       520    
                                                                      
    .\FreeRTOS-Plus-TCP\portable\BufferManagement\
       BufferAllocation_3.obj               1512     4         31232  
    +--+------------------------------------+--------+---------+---------+
       Total:                               1512     4         31232  
                                                                      
    .\FreeRTOS-Plus-TCP\portable\NetworkInterface\Hercules\
       NetworkInterface.obj                 3424     0         37     
    +--+------------------------------------+--------+---------+---------+
       Total:                               3424     0         37     
                                                                      
    .\FreeRTOS-Plus-TCP\protocols\Common\
       FreeRTOS_TCP_server.obj              1772     0         0      
    +--+------------------------------------+--------+---------+---------+
       Total:                               1772     0         0      
                                                                      
    .\FreeRTOS-Plus-TCP\protocols\FTP\
       FreeRTOS_FTP_server.obj              17100    115       0      
       FreeRTOS_FTP_commands.obj            0        624       0      
    +--+------------------------------------+--------+---------+---------+
       Total:                               17100    739       0      
                                                                      
    .\FreeRTOS-Plus-TCP\protocols\HTTP\
       FreeRTOS_HTTP_server.obj             2404     225       104    
       FreeRTOS_HTTP_commands.obj           280      192       0      
    +--+------------------------------------+--------+---------+---------+
       Total:                               2684     417       104    
                                                                      
    .\FreeRTOS-Plus-TCP\protocols\NTP\
       NTPDemo.obj                          2240     152       96     
    +--+------------------------------------+--------+---------+---------+
       Total:                               2240     152       96     
                                                                      
    .\FreeRTOS-Plus-UART-Console\
       UARTCommandConsole.obj               1072     156       108    
    +--+------------------------------------+--------+---------+---------+
       Total:                               1072     156       108    
                                                                      
    .\FreeRTOS-Plus-UDP-Console\
       UDPCommandConsole.obj                824      0         1156   
    +--+------------------------------------+--------+---------+---------+
       Total:                               824      0         1156   
                                                                      
    .\User_App\
       main.obj                             1180     820       34     
    +--+------------------------------------+--------+---------+---------+
       Total:                               1180     820       34     
                                                                      
    .\User_driver\
       MX25l6406E.obj                       3644     18        512    
       tja1102.obj                          3924     0         0      
       Can_driver.obj                       3792     64        40     
       Spi_driver.obj                       3588     0         20     
       Sci_driver.obj                       3264     0         219    
       sja1105s.obj                         1352     1514      0      
       Lin_driver.obj                       2044     0         9      
       IIC_driver.obj                       1516     0         0      
       udp_can.obj                          1424     57        16     
       pcf2129.obj                          508      0         0      
       watchdog_driver.obj                  416      0         0      
       Adc.obj                              340      0         36     
       Led.obj                              308      0         0      
       Gpio_driver.obj                      284      0         0      
       hardware.obj                         240      0         0      
       time_common.obj                      104      0         0      
    +--+------------------------------------+--------+---------+---------+
       Total:                               26748    1653      852    
                                                                      
    .\source\
       os_heap.obj                          1544     0         262168 
       HL_can.obj                           14584    0         0      
       os_tasks.obj                         12800    20        764    
       os_queue.obj                         5332     0         0      
       HL_sci.obj                           4348     0         80     
       HL_sys_vim.obj                       3200     512       0      
       HL_adc.obj                           3232     48        0      
       HL_pinmux.obj                        2556     0         0      
       HL_system.obj                        2464     0         0      
       HL_esm.obj                           2352     0         0      
       HL_sys_dma.obj                       2336     0         0      
       HL_lin.obj                           2168     0         0      
       os_event_groups.obj                  2140     0         0      
       os_mpu_wrappers.obj                  1840     0         0      
       HL_gio.obj                           1452     0         0      
       os_port.obj                          1304     0         8      
       os_portasm.obj                       1200     0         0      
       HL_sys_core.obj                      1140     0         0      
       HL_emac.obj                          1016     0         44     
       HL_sys_mpu.obj                       916      0         0      
       os_list.obj                          568      0         0      
       rti_runtimestats.obj                 540      0         12     
       HL_emif.obj                          504      0         0      
       HL_notification.obj                  248      0         0      
       ma_date_and_time.obj                 232      0         4      
       HL_sys_startup.obj                   184      0         0      
       HL_sys_intvecs.obj                   32       0         0      
       HL_sys_phantom.obj                   4        0         0      
    +--+------------------------------------+--------+---------+---------+
       Total:                               70236    580       263080 
                                                                      
    E:\CCS8\ccsv8\tools\compiler\ti-cgt-arm_18.1.4.LTS\lib\rtsv7R4_A_be_v3D16_eabi.lib
       _printfi.c.obj                       6829     0         0      
       _scanfi.c.obj                        4564     13        0      
       e_powf.c.obj                         1632     24        0      
       strtod.c.obj                         1356     200       0      
       strtoll.c.obj                        712      0         0      
       ull_div32.asm.obj                    696      0         0      
       e_logf.c.obj                         576      0         0      
       strtoull.c.obj                       576      0         0      
       strtol.c.obj                         500      0         0      
       strtoul.c.obj                        440      0         0      
       memcpy32.asm.obj                     384      0         0      
       sscanf.c.obj                         332      0         0      
       s_floor.c.obj                        316      0         0      
       s_scalbn.c.obj                       288      0         0      
       s_scalbnf.c.obj                      260      0         0      
       snprintf.c.obj                       260      0         0      
       ctype.c.obj                          0        257       0      
       vsnprintf.c.obj                      240      0         0      
       strerror.c.obj                       200      0         0      
       memset32.asm.obj                     176      0         0      
       sprintf.c.obj                        168      0         0      
       ll_div32.asm.obj                     152      0         0      
       copy_decompress_lzss.c.obj           144      0         0      
       s_frexp.c.obj                        140      0         0      
       rand.c.obj                           132      0         4      
       atoi.c.obj                           132      0         0      
       atol.c.obj                           132      0         0      
       ltoa.c.obj                           128      0         0      
       autoinit.c.obj                       104      0         0      
       i_div32.asm.obj                      84       0         0      
       u_div32.asm.obj                      80       0         0      
       strncpy.c.obj                        72       0         0      
       memmov.c.obj                         56       0         0      
       e_sqrtf.c.obj                        52       0         0      
       memcmp.c.obj                         52       0         0      
       strncmp.c.obj                        52       0         0      
       memccpy.c.obj                        44       0         0      
       strrchr.c.obj                        44       0         0      
       strcat.c.obj                         40       0         0      
       strchr.c.obj                         40       0         0      
       strcmp.c.obj                         40       0         0      
       wcslen.c.obj                         36       0         0      
       strlen.c.obj                         32       0         0      
       s_copysign.c.obj                     28       0         0      
       strcpy.c.obj                         24       0         0      
       copy_decompress_none.c.obj           20       0         0      
       s_copysignf.c.obj                    20       0         0      
       copy_zero_init.c.obj                 16       0         0      
       errno.c.obj                          12       0         4      
       _lock.c.obj                          4        0         8      
       exit.c.obj                           8        0         0      
       div0.asm.obj                         4        0         0      
    +--+------------------------------------+--------+---------+---------+
       Total:                               22429    494       16     
                                                                      
       Linker Generated:                    0        332       0      
    +--+------------------------------------+--------+---------+---------+
       Grand Total:                         286497   8067      297794 


LINKER GENERATED COPY TABLES

__TI_cinit_table @ 000059f8 records: 4, size/record: 8, table size: 32
	.data: load addr=000058c8, load size=00000103 bytes, run addr=0804dc24, run size=0000021c bytes, compression=lzss
	.kernelBSS: load addr=000059cb, load size=0000000d bytes, run addr=08004e00, run size=00000304 bytes, compression=lzss
	.bss: load addr=000059e8, load size=00000008 bytes, run addr=08045600, run size=00008624 bytes, compression=zero_init
	.kernelHEAP: load addr=000059f0, load size=00000008 bytes, run addr=08005600, run size=00040000 bytes, compression=zero_init


LINKER GENERATED HANDLER TABLE

__TI_handler_table @ 000059d8 records: 3, size/record: 4, table size: 12
	index: 0, handler: __TI_decompress_lzss
	index: 1, handler: __TI_decompress_none
	index: 2, handler: __TI_zero_init


GLOBAL SYMBOLS: SORTED ALPHABETICALLY BY Name 

address   name                                             
-------   ----                                             
0804dbb8  Adc1StartTask_Handler                            
000472f8  Adc1_DataProcessTask                             
00047e00  Adc1_HwiISR                                      
000472c4  Adc1_StartTask                                   
0804dac4  AdcResult                                        
0004866c  C$$EXIT                                          
0804dbbc  Can1RecvTask_Handler                             
00031a20  Can1_RecvTask                                    
00043b30  Can1_lowHwiISR                                   
0804dbc0  Can1_recv_QueHandle                              
0804dbc4  Can2RecvTask_Handler                             
00031c2c  Can2_RecvTask                                    
00043bbc  Can2_lowHwiISR                                   
0804dbc8  Can2_recv_QueHandle                              
0804dbcc  Can3RecvTask_Handler                             
0804dbd0  Can3SendTask_Handler                             
00031d1c  Can3_RecvTask                                    
000319ac  Can3_SendTask                                    
00043c48  Can3_lowHwiISR                                   
0804dbd4  Can3_recv_QueHandle                              
0804dbd8  Can4RecvTask_Handler                             
00031e04  Can4_RecvTask                                    
00043cd4  Can4_lowHwiISR                                   
0804dbdc  Can4_recv_QueHandle                              
00031eec  CanReadData                                      
000320e8  CanSendData                                      
000471f0  DelayNs                                          
000471a8  DelayUs                                          
00047238  Delayns                                          
00041430  EMACCoreIntAck                                   
00041504  EMACDisableLoopback                              
000415e0  EMACDuplexSet                                    
00041450  EMACInstConfig                                   
00041484  EMACLinkSetup                                    
000413a8  EMACMACAddrSet                                   
00041644  EMACMACSrcAddrGet                                
00041344  EMACMACSrcAddrSet                                
000412e0  EMACMIIEnable                                    
00041304  EMACRMIISpeedSet                                 
00041620  EMACReadNetStatRegisters                         
0004159c  EMACRxBroadCastEnable                            
0004156c  EMACRxUnicastSet                                 
000418fc  FF_Assert_Lock                                   
0001fea0  FF_BlockRead                                     
0001ffbc  FF_BlockWrite                                    
00041aac  FF_BufferProceed                                 
00041a3c  FF_BufferWait                                    
000191a8  FF_BytesLeft                                     
0001af60  FF_CheckValid                                    
0001569c  FF_CleanupEntryFetch                             
00027ff4  FF_ClearCluster                                  
0001b580  FF_Close                                         
000278dc  FF_Cluster2LBA                                   
00028e40  FF_CountFreeClusters                             
00028ad8  FF_CreateClusterChain                            
0001775c  FF_CreateDirent                                  
0004179c  FF_CreateEvents                                  
00017aa0  FF_CreateFile                                    
0001f3d8  FF_CreateIOManger                                
000169bc  FF_CreateShortName                               
00021910  FF_DecreaseFreeClusters                          
0001f698  FF_DeleteIOManager                               
000174d4  FF_ExtendDirectory                               
0003da68  FF_FS_Add                                        
0003da20  FF_FS_Count                                      
0003dd18  FF_FS_Find                                       
0003debc  FF_FS_Get                                        
0003da2c  FF_FS_Init                                       
0003dc2c  FF_FS_Remove                                     
00015850  FF_FetchEntryWithContext                         
00019230  FF_FileSize                                      
00014f40  FF_FindDir                                       
000282a0  FF_FindEndOfChain                                
00014928  FF_FindEntryInDir                                
0001610c  FF_FindFirst                                     
000286e0  FF_FindFreeCluster                               
00016208  FF_FindNext                                      
00016da0  FF_FindShortName                                 
0001f7b8  FF_FlushCache                                    
0001f9c8  FF_GetBuffer                                     
0001a338  FF_GetC                                          
00045cbc  FF_GetCRC16                                      
00045c50  FF_GetCRC32                                      
00045d4c  FF_GetCRC8                                       
00028b48  FF_GetChainLength                                
00015c5c  FF_GetEntry                                      
0002918c  FF_GetFreeSize                                   
0001a438  FF_GetLine                                       
000180dc  FF_GetModeBits                                   
00021aa0  FF_GetPartitionBlockSize                         
000406f4  FF_GetSystemTime                                 
00021ad8  FF_GetVolumeSize                                 
00041888  FF_Has_Lock                                      
0001f708  FF_IOMAN_InitBufferDescriptors                   
0002176c  FF_IncreaseFreeClusters                          
000155bc  FF_InitEntryFetch                                
000417ec  FF_LockDirectory                                 
0004195c  FF_LockFAT                                       
00017c00  FF_MkDir                                         
00021048  FF_Mount                                         
00018cc0  FF_Move                                          
00018254  FF_Open                                          
00020864  FF_PartitionSearch                               
00041724  FF_PendSemaphore                                 
00015dbc  FF_PopulateLongDirent                            
00015490  FF_PopulateShortDirent                           
00015a5c  FF_PushEntryWithContext                          
0001acbc  FF_PutC                                          
00016764  FF_PutEntry                                      
00019d8c  FF_Read                                          
000202ec  FF_ReadParts                                     
0001fdac  FF_ReleaseBuffer                                 
00027ba0  FF_ReleaseFATBuffers                             
00041750  FF_ReleaseSemaphore                              
0001884c  FF_RmDir                                         
00018a9c  FF_RmFile                                        
00017f84  FF_RmLFNs                                        
0001ae08  FF_Seek                                          
0001b7e8  FF_SetEof                                        
0001b010  FF_SetFileTime                                   
0001b3c0  FF_SetPerm                                       
0001b184  FF_SetTime                                       
00041778  FF_Sleep                                         
00028144  FF_TraverseFAT                                   
000416d8  FF_TrySemaphore                                  
00028c24  FF_UnlinkClusterChain                            
0004183c  FF_UnlockDirectory                               
000419e4  FF_UnlockFAT                                     
0002166c  FF_Unmount                                       
0001a6b8  FF_Write                                         
00045638  FF_getChar                                       
00027950  FF_getClusterChainNumber                         
000279a0  FF_getClusterPosition                            
00027d6c  FF_getFATEntry                                   
00045698  FF_getLong                                       
000279f8  FF_getMajorBlockNumber                           
00027b04  FF_getMinorBlockEntry                            
00027a6c  FF_getMinorBlockNumber                           
00045658  FF_getShort                                      
00018798  FF_isDirEmpty                                    
0001915c  FF_isEOF                                         
0002830c  FF_isEndOfChain                                  
000456f0  FF_putChar                                       
000283b0  FF_putFATEntry                                   
00045760  FF_putLong                                       
00045718  FF_putShort                                      
000423c0  FF_strmatch                                      
0004247c  FF_strtok                                        
00042328  FF_tolower                                       
00042290  FF_toupper                                       
0004726c  FreeRTOS_AdcInit                                 
0003d128  FreeRTOS_CLIGetOutputBuffer                      
0003d130  FreeRTOS_CLIGetParameter                         
0003cf68  FreeRTOS_CLIProcessCommand                       
0003cecc  FreeRTOS_CLIRegisterCommand                      
0003170c  FreeRTOS_CanInit                                 
00034d3c  FreeRTOS_ClearARP                                
00010dcc  FreeRTOS_CreateSocketSet                         
0003aeec  FreeRTOS_CreateTCPServer                         
00010e2c  FreeRTOS_DeleteSocketSet                         
00010f10  FreeRTOS_FD_CLR                                  
00010fc0  FreeRTOS_FD_ISSET                                
00010e54  FreeRTOS_FD_SET                                  
000265cc  FreeRTOS_GetAddressConfiguration                 
00027764  FreeRTOS_GetDNSServerAddress                     
00027758  FreeRTOS_GetGatewayAddress                       
00027700  FreeRTOS_GetIPAddress                            
000126cc  FreeRTOS_GetLocalAddress                         
0002777c  FreeRTOS_GetMACAddress                           
00027770  FreeRTOS_GetNetmask                              
00013b58  FreeRTOS_GetRemoteAddress                        
0000c248  FreeRTOS_GetTCPStateName                         
00026180  FreeRTOS_GetUDPPayloadBuffer                     
0003c454  FreeRTOS_I2CInit                                 
000262e8  FreeRTOS_IPInit                                  
0002786c  FreeRTOS_IsNetworkUp                             
0003b5d8  FreeRTOS_LinInit                                 
0003ea14  FreeRTOS_NetSwitchInit                           
000260f0  FreeRTOS_NetworkDown                             
00026130  FreeRTOS_NetworkDownFromISR                      
0002d21c  FreeRTOS_NorInit                                 
00034c78  FreeRTOS_OutputARPRequest                        
0002bf50  FreeRTOS_Phyinit                                 
00034d54  FreeRTOS_PrintARPCache                           
000262d0  FreeRTOS_ReleaseUDPPayloadBuffer                 
000266e4  FreeRTOS_SendPingRequest                         
00026658  FreeRTOS_SetAddressConfiguration                 
000277ec  FreeRTOS_SetGatewayAddress                       
0002773c  FreeRTOS_SetIPAddress                            
000277d0  FreeRTOS_SetNetmask                              
0003b378  FreeRTOS_TCPServerWork                           
00032a80  FreeRTOS_UART_ioctl                              
0003238c  FreeRTOS_UART_open                               
000328b4  FreeRTOS_UART_read                               
00032430  FreeRTOS_UART_write                              
00039808  FreeRTOS_UartInit                                
00045f28  FreeRTOS_WatchdogInit                            
00012a4c  FreeRTOS_accept                                  
000115d4  FreeRTOS_bind                                    
000118a8  FreeRTOS_closesocket                             
0001294c  FreeRTOS_connect                                 
00013e8c  FreeRTOS_connstatus                              
0002e0b0  FreeRTOS_dnslookup                               
00013758  FreeRTOS_get_rx_buf                              
000473bc  FreeRTOS_get_secs_msec                           
00012fd8  FreeRTOS_get_tx_head                             
0002e0d8  FreeRTOS_gethostbyname                           
0002e400  FreeRTOS_gethostbyname_a                         
0002e21c  FreeRTOS_gethostbyname_cancel                    
000407e8  FreeRTOS_gmtime_r                                
00012530  FreeRTOS_inet_addr                               
0003f59c  FreeRTOS_ioctl                                   
00013d90  FreeRTOS_issocketconnected                       
0001330c  FreeRTOS_listen                                  
00013be0  FreeRTOS_maywrite                                
00040968  FreeRTOS_mktime                                  
00013e48  FreeRTOS_mss                                     
00013f30  FreeRTOS_netstat                                 
0003f410  FreeRTOS_open                                    
00012c8c  FreeRTOS_recv                                    
000111ac  FreeRTOS_recvfrom                                
00013ed0  FreeRTOS_rx_size                                 
0001105c  FreeRTOS_select                                  
0001307c  FreeRTOS_send                                    
000113d0  FreeRTOS_sendto                                  
000473f8  FreeRTOS_set_secs_msec                           
00011d0c  FreeRTOS_setsockopt                              
00047390  FreeRTOS_settime                                 
00013440  FreeRTOS_shutdown                                
00010c30  FreeRTOS_socket                                  
00047358  FreeRTOS_time                                    
00013d30  FreeRTOS_tx_size                                 
00013ccc  FreeRTOS_tx_space                                
0003d45c  FreeRTOS_udp_can_Init                            
0003ece8  GetDeviceID                                      
0003ed4c  GetPartNR                                        
0003edd4  GetSetStatus                                     
0004717c  HardwareInit                                     
0003c4bc  I2CBusy                                          
0003c2f8  I2CGpio                                          
0003c350  I2CInit                                          
0003c498  I2CRrdy                                          
0003c474  I2CXrdy                                          
0003c590  I2cRead                                          
0003c788  I2cReadData                                      
0003c4e0  I2cWrite                                         
0003c6a4  I2cWriteData                                     
000485d4  Input0_ISR                                       
000485d8  Input1_ISR                                       
000485dc  Input2_ISR                                       
000485e0  Input3_ISR                                       
000485e4  Input5_ISR                                       
000466bc  LedInit                                          
00046760  LedLeftBottom_off                                
00046750  LedLeftBottom_on                                 
00046740  LedLeftTop_off                                   
00046730  LedLeftTop_on                                    
00046780  LedP1Status_off                                  
00046770  LedP1Status_on                                   
000467a0  LedP2Status_off                                  
00046790  LedP2Status_on                                   
000467c0  LedP3Status_off                                  
000467b0  LedP3Status_on                                   
00046720  LedRightBottom_off                               
00046710  LedRightBottom_on                                
00046700  LedRightTop_off                                  
000466f0  LedRightTop_on                                   
0003bb10  Lin2Init                                         
0804dbe0  Lin2RecvTask_Handler                             
0003b678  Lin2_RecvTask                                    
00046580  Lin2_lowHwiISR                                   
0804dbe4  Lin2_recv_QueHandle                              
0003b874  LinDatChecksum                                   
0003b7b8  LinIdCalcParity                                  
0003b900  LinReadData                                      
0003b9a0  LinSendData                                      
0003baac  LinSendHeader                                    
0003ae3c  MPU_pvPortMalloc                                 
0003abdc  MPU_uxQueueMessagesWaiting                       
0003aa2c  MPU_uxTaskGetNumberOfTasks                       
0003aab0  MPU_uxTaskGetStackHighWaterMark                  
0003a8f0  MPU_uxTaskPriorityGet                            
0003ae70  MPU_vPortFree                                    
0003ae9c  MPU_vPortInitialiseBlocks                        
0003ad54  MPU_vQueueDelete                                 
0003a830  MPU_vTaskAllocateMPURegions                      
0003a8c4  MPU_vTaskDelay                                   
0003a890  MPU_vTaskDelayUntil                              
0003a864  MPU_vTaskDelete                                  
0003aa84  MPU_vTaskGetRunTimeStats                         
0003aa58  MPU_vTaskList                                    
0003a924  MPU_vTaskPrioritySet                             
0003a984  MPU_vTaskResume                                  
0003a958  MPU_vTaskSuspend                                 
0003a9b0  MPU_vTaskSuspendAll                              
0003aec0  MPU_xPortGetFreeHeapSize                         
0003ac98  MPU_xQueueCreateCountingSemaphore                
0003ac64  MPU_xQueueCreateMutex                            
0003ab3c  MPU_xQueueGenericCreate                          
0003ac10  MPU_xQueueGenericReceive                         
0003ad80  MPU_xQueueGenericReset                           
0003ab88  MPU_xQueueGenericSend                            
0003ae08  MPU_xQueueGetMutexHolder                         
0003ad20  MPU_xQueueGiveMutexRecursive                     
0003adc4  MPU_xQueuePeekFromISR                            
0003acdc  MPU_xQueueTakeMutexRecursive                     
0003a7bc  MPU_xTaskGenericCreate                           
0003aae4  MPU_xTaskGetCurrentTaskHandle                    
0003ab10  MPU_xTaskGetSchedulerState                       
0003aa00  MPU_xTaskGetTickCount                            
0003a9d4  MPU_xTaskResumeAll                               
0002d7b0  NorBlockErase                                    
0804d3e0  NorBuf                                           
0002d904  NorChipErase                                     
0002d4fc  NorFastRead                                      
0002da08  NorPageWrite                                     
0002d47c  NorReadByte                                      
0002d398  NorReadID                                        
0002d404  NorReadMID                                       
0002d30c  NorReadStatus                                    
0002d65c  NorSectorErase                                   
0002de90  NorTest                                          
0002dbf0  NorWriteAuto                                     
0002db20  NorWriteByte                                     
0002d2ec  NorWriteDisable                                  
0002d2cc  NorWriteEnable                                   
0002d35c  NorWriteStatus                                   
0002f890  OnlyRead                                         
0002bfcc  PHY3_IntISR                                      
0002c0a0  PHY_IntISR                                       
0002b440  PhyRead                                          
0002b7d0  PhyWrite                                         
0002bc3c  Phy_init                                         
0002bbd8  ReadPhyID                                        
00044e88  RtcGetValue                                      
00044d40  RtcInit                                          
00044d24  RtcRead                                          
00044e24  RtcSetValue                                      
00044d00  RtcWrite                                         
UNDEFED   SHT$$INIT_ARRAY$$Base                            
UNDEFED   SHT$$INIT_ARRAY$$Limit                           
0804dd34  SPIDAT                                           
0002ee7c  Spi1Init                                         
0002ef9c  Spi2Init                                         
0002f990  SpiRead                                          
0002f3ac  SpiRecv                                          
0002f4c8  SpiRecvFrom                                      
0002f0b4  SpiSend                                          
0002f1e0  SpiSendForm                                      
0002f67c  SpiWrite                                         
0002f77c  SpiWriteData                                     
0002faa4  SpiWriteRead                                     
000485e8  StopSwitch_ISR                                   
0003ea24  Switch_init                                      
0804d930  Uart1RecvBuf                                     
0804dc20  Uart1RecvCount                                   
0804dbe8  Uart1RecvTask_Handler                            
0003ef5c  Uart1_HwiISR                                     
00039c94  Uart1_RecvTask                                   
0804dbec  Uart1_recv_QueHandle                             
0804d970  Uart3RecvBuf                                     
0804dc21  Uart3RecvCount                                   
0804dbf0  Uart3RecvTask_Handler                            
0003f0c8  Uart3_HwiISR                                     
00039d6c  Uart3_RecvTask                                   
0804dbf4  Uart3_recv_QueHandle                             
0804d9b0  Uart4RecvBuf                                     
0804dc22  Uart4RecvCount                                   
0804dbf8  Uart4RecvTask_Handler                            
0003f234  Uart4_HwiISR                                     
00039e44  Uart4_RecvTask                                   
0804dbfc  Uart4_recv_QueHandle                             
00039a98  UartSendHexU16                                   
000399c8  UartSendHexU32                                   
00039b58  UartSendRtc                                      
00039968  UartSendString                                   
0804dc00  UdpRecv_Task_Handle                              
0804dc04  UdpSend_Task_Handle                              
0804dc08  Ultra_QueHandle                                  
000481c0  WatchdogHwiISR                                   
00046044  WatchdogStart                                    
00045f4c  Watchdog_func                                    
000401d0  _SetEndiaMode                                    
000059f8  __TI_CINIT_Base                                  
00005a18  __TI_CINIT_Limit                                 
000059d8  __TI_Handler_Table_Base                          
000059e4  __TI_Handler_Table_Limit                         
0004063c  __TI_PINIT_Base                                  
00040640  __TI_PINIT_Limit                                 
00047d98  __TI_auto_init_nobinit_nopinit                   
00047a04  __TI_decompress_lzss                             
0004862c  __TI_decompress_none                             
ffffffff  __TI_pprof_out_hndl                              
0002a434  __TI_printfi                                     
ffffffff  __TI_prof_data_size                              
ffffffff  __TI_prof_data_start                             
00029264  __TI_scanfi                                      
00000000  __TI_static_base__                               
00048650  __TI_zero_init                                   
00048660  __aeabi_errno_addr                               
00048118  __aeabi_idiv                                     
0004867c  __aeabi_idiv0                                    
00048118  __aeabi_idivmod                                  
0004867c  __aeabi_ldiv0                                    
0004796c  __aeabi_ldivmod                                  
00047824  __aeabi_memclr                                   
00047824  __aeabi_memclr4                                  
00047824  __aeabi_memclr8                                  
00045ad0  __aeabi_memcpy                                   
00045ad0  __aeabi_memcpy4                                  
00045ad0  __aeabi_memcpy8                                  
00047828  __aeabi_memset                                   
00047828  __aeabi_memset4                                  
00047828  __aeabi_memset8                                  
00048210  __aeabi_uidiv                                    
00048210  __aeabi_uidivmod                                 
00043600  __aeabi_uldivmod                                 
ffffffff  __binit__                                        
ffffffff  __c_args__                                       
0004776c  _c_int00                                         
00040598  _cacheDisable_                                   
00040568  _cacheEnable_                                    
00040548  _checkMemInitOn_                                 
00040444  _coreClearAuxiliaryDataFault_                    
00040460  _coreClearAuxiliaryInstructionFault_             
0004040c  _coreClearDataFaultAddress_                      
000403d4  _coreClearDataFault_                             
00040428  _coreClearInstructionFaultAddress_               
000403f0  _coreClearInstructionFault_                      
0004039c  _coreDisableEventBusExport_                      
00040384  _coreEnableEventBusExport_                       
000403b4  _coreEnableIrqVicOffset_                         
0004036c  _coreEnableVfp_                                  
0004043c  _coreGetAuxiliaryDataFault_                      
00040458  _coreGetAuxiliaryInstructionFault_               
00040404  _coreGetDataFaultAddress_                        
000403cc  _coreGetDataFault_                               
00040420  _coreGetInstructionFaultAddress_                 
000403e8  _coreGetInstructionFault_                        
000401f4  _coreInitRegisters_                              
00040300  _coreInitStackPointer_                           
00049860  _ctypes_                                         
000405bc  _dCacheInvalidate_                               
000405f4  _dcacheCleanRange_                               
00040610  _dcacheInvalidateRange_                          
00040474  _disable_IRQ_interrupt_                          
0004047c  _enable_IRQ_interrupt_                           
00040484  _enable_interrupt_                               
0004048c  _esmCcmErrorsClear_                              
0004034c  _getCPSRValue_                                   
00040354  _gotoCPUIdle_                                    
000405d8  _iCacheInvalidate_                               
0804ddd4  _lock                                            
00040514  _memInit_                                        
00042990  _mpuAreRegionsSeparate_                          
0004296c  _mpuDisableBackgroundRegion_                     
00042934  _mpuDisable_                                     
00042954  _mpuEnableBackgroundRegion_                      
00042914  _mpuEnable_                                      
00042984  _mpuGetNumberOfRegions_                          
000429b4  _mpuGetRegionBaseAddress_                        
000429d4  _mpuGetRegionPermission_                         
000429c8  _mpuGetRegionType_                               
000429a4  _mpuGetRegion_                                   
00042654  _mpuInit_                                        
000429ac  _mpuSetRegionBaseAddress_                        
000429e0  _mpuSetRegionSizeRegister_                       
000429bc  _mpuSetRegionTypeAndPermission_                  
0004299c  _mpuSetRegion_                                   
00048674  _nop                                             
UNDEFED   _system_post_cinit                               
0804ddd8  _unlock                                          
0004866c  abort                                            
00031440  adc1GetConfigValue                               
0003101c  adcCalibration                                   
000313e0  adcDisableNotification                           
00031390  adcEnableNotification                            
00030df4  adcGetData                                       
00031428  adcGetEVTPin                                     
00030a6c  adcInit                                          
00030fec  adcIsConversionComplete                          
00030fbc  adcIsFifoFull                                    
000311f4  adcMidPointCalibration                           
000470d0  adcNotification                                  
00030dcc  adcResetFiFo                                     
00031408  adcSetEVTPin                                     
00030d20  adcStartConversion                               
00030da4  adcStopConversion                                
[...]
00040e38  vOutputString                                    
00040e98  vLoggingPrintf                                   
00040ed4  xIOUtilsSetTxQueueTimeout                        
00040f0c  vIOUtilsSetRxQueueTimeout                        
00040f44  xIOUtilsConfigureTransferQueue                   
00041088  xIOUtilsReceiveCharsFromRxQueue                  
0004113c  xIOUtilsSendCharsToTxQueue                       
00041204  xIOUtilsWaitTxQueueEmpty                         
000412a0  xIOUtilsClearRxCharQueue                         
000412e0  EMACMIIEnable                                    
00041304  EMACRMIISpeedSet                                 
00041344  EMACMACSrcAddrSet                                
000413a8  EMACMACAddrSet                                   
00041430  EMACCoreIntAck                                   
00041450  EMACInstConfig                                   
00041484  EMACLinkSetup                                    
00041504  EMACDisableLoopback                              
0004156c  EMACRxUnicastSet                                 
0004159c  EMACRxBroadCastEnable                            
000415e0  EMACDuplexSet                                    
00041620  EMACReadNetStatRegisters                         
00041644  EMACMACSrcAddrGet                                
000416d8  FF_TrySemaphore                                  
00041724  FF_PendSemaphore                                 
00041750  FF_ReleaseSemaphore                              
00041778  FF_Sleep                                         
0004179c  FF_CreateEvents                                  
000417ec  FF_LockDirectory                                 
0004183c  FF_UnlockDirectory                               
00041888  FF_Has_Lock                                      
000418fc  FF_Assert_Lock                                   
0004195c  FF_LockFAT                                       
000419e4  FF_UnlockFAT                                     
00041a3c  FF_BufferWait                                    
00041aac  FF_BufferProceed                                 
00041ac8  vProcessGeneratedUDPPacket                       
00041cf4  xProcessReceivedUDPPacket                        
00041eac  xIOUtilsConfigureCircularBufferRx                
0004203c  vIOUtilsClearRxCircularBuffer                    
000420a0  xIOUtilsReadCharsFromCircularBuffer              
00042258  vIOUtilsSetCircularBufferTimeout                 
00042290  FF_toupper                                       
00042328  FF_tolower                                       
000423c0  FF_strmatch                                      
0004247c  FF_strtok                                        
00042654  _mpuInit_                                        
00042914  _mpuEnable_                                      
00042934  _mpuDisable_                                     
00042954  _mpuEnableBackgroundRegion_                      
0004296c  _mpuDisableBackgroundRegion_                     
00042984  _mpuGetNumberOfRegions_                          
00042990  _mpuAreRegionsSeparate_                          
0004299c  _mpuSetRegion_                                   
000429a4  _mpuGetRegion_                                   
000429ac  _mpuSetRegionBaseAddress_                        
000429b4  _mpuGetRegionBaseAddress_                        
000429bc  _mpuSetRegionTypeAndPermission_                  
000429c8  _mpuGetRegionType_                               
000429d4  _mpuGetRegionPermission_                         
000429e0  _mpuSetRegionSizeRegister_                       
000429e8  vimECCErrorHandler                               
00042d24  vStartUDPCommandInterpreterTask                  
00043338  strtoll                                          
00043600  __aeabi_uldivmod                                 
00043b30  Can1_lowHwiISR                                   
00043bbc  Can2_lowHwiISR                                   
00043c48  Can3_lowHwiISR                                   
00043cd4  Can4_lowHwiISR                                   
00043fc8  vFreeRTOSEMACTxInterrupt                         
000440c0  vFreeRTOSEMACRxThrshInterrupt                    
00044134  vFreeRTOSEMACRxInterrupt                         
00044210  logf                                             
00044450  strtoull                                         
00044690  vListInitialise                                  
000446e8  vListInitialiseItem                              
00044704  vListInsertEnd                                   
00044778  vListInsert                                      
0004483c  uxListRemove                                     
000448c8  xIOUtilsConfigureZeroCopyTxDMA                   
00044908  xIOUtilsConfigureZeroCopyTx                      
00044a04  xIOUtilsGetZeroCopyWriteMutex                    
00044a9c  xIOUtilsReleaseZeroCopyWriteMutex                
00044afc  lin1HighLevelInterrupt                           
00044d00  RtcWrite                                         
00044d24  RtcRead                                          
00044d40  RtcInit                                          
00044e24  RtcSetValue                                      
00044e88  RtcGetValue                                      
00044efc  emif_SDRAMInit                                   
00044f00  emifGetConfigValue                               
00045058  emif_SDRAM_StartupInit                           
000450f4  strtol                                           
000452e8  strtoul                                          
000454a0  xEventGroupGetBitsFromISR                        
000454d0  vEventGroupDelete                                
00045554  vEventGroupSetBitsCallback                       
00045570  vEventGroupClearBitsCallback                     
000455f8  uxEventGroupGetNumber                            
00045638  FF_getChar                                       
00045658  FF_getShort                                      
00045698  FF_getLong                                       
000456f0  FF_putChar                                       
00045718  FF_putShort                                      
00045760  FF_putLong                                       
000457c0  esmHighInterrupt                                 
00045948  vFreeRTOS_DMA_FTCA_Interrupt                     
0004594c  vFreeRTOS_DMA_LFSA_Interrupt                     
00045950  vFreeRTOS_DMA_HBCA_Interrupt                     
00045954  vFreeRTOS_DMA_BTCA_Interrupt                     
00045aa8  vFreeRTOS_DMA_BERA_Interrupt                     
00045ad0  __aeabi_memcpy                                   
00045ad0  __aeabi_memcpy4                                  
00045ad0  __aeabi_memcpy8                                  
00045ad0  memcpy                                           
00045c50  FF_GetCRC32                                      
00045cbc  FF_GetCRC16                                      
00045d4c  FF_GetCRC8                                       
00045f28  FreeRTOS_WatchdogInit                            
00045f4c  Watchdog_func                                    
00045f60  dwdInit                                          
00045f8c  dwwdInit                                         
00045fd8  dwdReset                                         
00046000  dwdGenerateSysReset                              
00046028  dwdCounterEnable                                 
00046044  WatchdogStart                                    
00046078  vConfigureTimerForRunTimeStats                   
000460d4  xGetHighResolutionTime                           
00046128  vConfigureTimerForSysTime                        
00046308  floor                                            
00046308  floorl                                           
00046580  Lin2_lowHwiISR                                   
000466bc  LedInit                                          
000466f0  LedRightTop_on                                   
00046700  LedRightTop_off                                  
00046710  LedRightBottom_on                                
00046720  LedRightBottom_off                               
00046730  LedLeftTop_on                                    
00046740  LedLeftTop_off                                   
00046750  LedLeftBottom_on                                 
00046760  LedLeftBottom_off                                
00046770  LedP1Status_on                                   
00046780  LedP1Status_off                                  
00046790  LedP2Status_on                                   
000467a0  LedP2Status_off                                  
000467b0  LedP3Status_on                                   
000467c0  LedP3Status_off                                  
000467f0  gioHighLevelInterrupt                            
0004687c  gioLowLevelInterrupt                             
00046918  ldexp                                            
00046918  ldexpl                                           
00046918  scalbn                                           
00046918  scalbnl                                          
00046a38  webCodename                                      
00046d78  vIOUtilsCreateTransferControlStructure           
00046e7c  gioLow_HwiISR                                    
00046f80  ldexpf                                           
00046f80  scalbnf                                          
00047084  esmGroup1Notification                            
00047098  esmGroup2Notification                            
000470ac  esmGroup3Notification                            
000470bc  dmaGroupANotification                            
000470d0  adcNotification                                  
000470e4  canErrorNotification                             
000470f8  canStatusChangeNotification                      
0004710c  canMessageNotification                           
00047120  gioNotification                                  
00047134  sciNotification                                  
00047148  epcCAMFullNotification                           
0004714c  epcFIFOFullNotification                          
0004715c  emacTxNotification                               
0004716c  emacRxNotification                               
0004717c  HardwareInit                                     
000471a8  DelayUs                                          
000471f0  DelayNs                                          
00047238  Delayns                                          
0004726c  FreeRTOS_AdcInit                                 
000472c4  Adc1_StartTask                                   
000472f8  Adc1_DataProcessTask                             
00047358  FreeRTOS_time                                    
00047390  FreeRTOS_settime                                 
000473bc  FreeRTOS_get_secs_msec                           
000473f8  FreeRTOS_set_secs_msec                           
00047440  vFreeRTOSRTIOverFlow1Interrupt                   
0004748c  vFreeRTOSRTICmp1Interrupt                        
000476a4  strerror                                         
0004776c  _c_int00                                         
00047824  __aeabi_memclr                                   
00047824  __aeabi_memclr4                                  
00047824  __aeabi_memclr8                                  
00047828  __aeabi_memset                                   
00047828  __aeabi_memset4                                  
00047828  __aeabi_memset8                                  
00047834  memset                                           
0004796c  __aeabi_ldivmod                                  
00047a04  __TI_decompress_lzss                             
00047a94  frexp                                            
00047a94  frexpl                                           
00047b20  atoi                                             
00047ba4  atol                                             
00047c28  ltoa                                             
00047ca8  snprintf                                         
00047d98  __TI_auto_init_nobinit_nopinit                   
00047e00  Adc1_HwiISR                                      
00047e68  uxr_millis                                       
00047ed0  vsnprintf                                        
00047f9c  sprintf                                          
00048000  vFreeRTOS_tms570ls20x31x_PopulateFunctionPointers
00048118  __aeabi_idiv                                     
00048118  __aeabi_idivmod                                  
0004816c  sscanf                                           
000481c0  WatchdogHwiISR                                   
00048210  __aeabi_uidiv                                    
00048210  __aeabi_uidivmod                                 
00048260  rand                                             
000482ac  strncpy                                          
000482f4  memmove                                          
0004832c  srand                                            
00048364  memcmp                                           
00048398  sqrtf                                            
000483cc  strncmp                                          
00048488  memccpy                                          
000484b4  strrchr                                          
000484e0  strcat                                           
00048508  strchr                                           
00048530  strcmp                                           
00048558  wcslen                                           
0004857c  strlen                                           
000485b8  copysign                                         
000485b8  copysignl                                        
000485d4  Input0_ISR                                       
000485d8  Input1_ISR                                       
000485dc  Input2_ISR                                       
000485e0  Input3_ISR                                       
000485e4  Input5_ISR                                       
000485e8  StopSwitch_ISR                                   
000485ec  strcpy                                           
00048618  copysignf                                        
0004862c  __TI_decompress_none                             
00048650  __TI_zero_init                                   
00048660  __aeabi_errno_addr                               
0004866c  C$$EXIT                                          
0004866c  abort                                            
00048674  _nop                                             
00048678  phantomInterrupt                                 
0004867c  __aeabi_idiv0                                    
0004867c  __aeabi_ldiv0                                    
00048680  crc32_table                                      
00048d24  xFTPCommands                                     
00049860  _ctypes_                                         
00049f90  xWebCommands                                     
0004a4a0  xBroadcastMACAddress                             
0004a4c0  xBufferAllocFixedSize                            
080050c4  pxCurrentTCB                                     
080050fc  ulCriticalNesting                                
08005100  ulTaskHasFPUContext                              
0804d3e0  NorBuf                                           
0804d930  Uart1RecvBuf                                     
0804d970  Uart3RecvBuf                                     
0804d9b0  Uart4RecvBuf                                     
0804da98  hdkif_data                                       
0804dac4  AdcResult                                        
0804db5c  xBoundTCPSocketsList                             
0804db70  xBoundUDPSocketsList                             
0804dbb8  Adc1StartTask_Handler                            
0804dbbc  Can1RecvTask_Handler                             
0804dbc0  Can1_recv_QueHandle                              
0804dbc4  Can2RecvTask_Handler                             
0804dbc8  Can2_recv_QueHandle                              
0804dbcc  Can3RecvTask_Handler                             
0804dbd0  Can3SendTask_Handler                             
0804dbd4  Can3_recv_QueHandle                              
0804dbd8  Can4RecvTask_Handler                             
0804dbdc  Can4_recv_QueHandle                              
0804dbe0  Lin2RecvTask_Handler                             
0804dbe4  Lin2_recv_QueHandle                              
0804dbe8  Uart1RecvTask_Handler                            
0804dbec  Uart1_recv_QueHandle                             
0804dbf0  Uart3RecvTask_Handler                            
0804dbf4  Uart3_recv_QueHandle                             
0804dbf8  Uart4RecvTask_Handler                            
0804dbfc  Uart4_recv_QueHandle                             
0804dc00  UdpRecv_Task_Handle                              
0804dc04  UdpSend_Task_Handle                              
0804dc08  Ultra_QueHandle                                  
0804dc0c  udp_recv_que_handle                              
0804dc10  xServerWorkTaskHandle                            
0804dc14  xSocket                                          
0804dc18  xSysTimeMsec                                     
0804dc1c  xTask1Handle                                     
0804dc20  Uart1RecvCount                                   
0804dc21  Uart3RecvCount                                   
0804dc22  Uart4RecvCount                                   
0804dc23  ucAssumeFATType                                  
0804dc24  pxTypeCouples                                    
0804dcc0  xNetworkEventQueue                               
0804dcc4  usPacketIdentifier                               
0804dccc  xIPTaskHandle                                    
0804dce8  xEMACTxEventSemaphore                            
0804dd01  xUartTX_DMA_Channels                             
0804dd03  linFlag                                          
0804dd1c  xDefaultPartUDPPacketHeader                      
0804dd34  SPIDAT                                           
0804dd48  emacPhyAddress                                   
0804dd5c  xDefaultAddressing                               
0804dd70  xNetworkAddressing                               
0804ddc0  xTCPWindowLoggingLevel                           
0804ddd4  _lock                                            
0804ddd8  _unlock                                          
0804dde4  xEMACRxEventSemaphoreFulls                       
0804ddf8  xConsoleUART                                     
0804ddfc  pxUartRxTransferControlStructs                   
0804de04  pxUartTxTransferControlStructs                   
0804de0c  xSysTimeSeconds                                  
0804de10  xHighPrecisionTimerUsecMSB                       
0804de1c  emacAddress                                      
0804de2c  ulNextInitialSequenceNumber                      
0804de30  iTimeZone                                        
0804de34  errno                                            
ffffffff  __TI_pprof_out_hndl                              
ffffffff  __TI_prof_data_size                              
ffffffff  __TI_prof_data_start                             
ffffffff  __binit__                                        
ffffffff  __c_args__                                       
ffffffff  binit                                            
UNDEFED   SHT$$INIT_ARRAY$$Base                            
UNDEFED   SHT$$INIT_ARRAY$$Limit                           
UNDEFED   _system_post_cinit                               

[976 symbols]
